
*** Running vivado
    with args -log axi4_master_vhdl_0.vds -m64 -product Vivado -mode batch -messageDb vivado.pb -notrace -source axi4_master_vhdl_0.tcl


****** Vivado v2018.2 (64-bit)
  **** SW Build 2258646 on Thu Jun 14 20:03:12 MDT 2018
  **** IP Build 2256618 on Thu Jun 14 22:10:49 MDT 2018
    ** Copyright 1986-2018 Xilinx, Inc. All Rights Reserved.

source axi4_master_vhdl_0.tcl -notrace
Command: synth_design -top axi4_master_vhdl_0 -part xc7s75fgga484-2 -mode out_of_context
Starting synth_design
Attempting to get a license for feature 'Synthesis' and/or device 'xc7s75'
INFO: [Common 17-349] Got license for feature 'Synthesis' and/or device 'xc7s75'
INFO: Launching helper process for spawning children vivado processes
INFO: Helper process launched with PID 14080 
---------------------------------------------------------------------------------
Starting RTL Elaboration : Time (s): cpu = 00:00:01 ; elapsed = 00:00:02 . Memory (MB): peak = 367.125 ; gain = 102.523
---------------------------------------------------------------------------------
INFO: [Synth 8-638] synthesizing module 'axi4_master_vhdl_0' [c:/PR/Vivado/Spartan7_tmc/Spartan7_tmc.srcs/sources_1/ip/axi4_master_vhdl_0_1/synth/axi4_master_vhdl_0.vhd:119]
	Parameter C_M00_AXI_BURST_LEN bound to: 64 - type: integer 
	Parameter C_M00_AXI_ID_WIDTH bound to: 4 - type: integer 
	Parameter C_M00_AXI_ADDR_WIDTH bound to: 30 - type: integer 
	Parameter C_M00_AXI_DATA_WIDTH bound to: 32 - type: integer 
	Parameter C_M00_AXI_AWUSER_WIDTH bound to: 1 - type: integer 
	Parameter C_M00_AXI_ARUSER_WIDTH bound to: 1 - type: integer 
	Parameter C_M00_AXI_WUSER_WIDTH bound to: 1 - type: integer 
	Parameter C_M00_AXI_RUSER_WIDTH bound to: 1 - type: integer 
	Parameter C_M00_AXI_BUSER_WIDTH bound to: 1 - type: integer 
INFO: [Synth 8-3491] module 'axi4_master_vhdl_v1_0' declared at 'c:/PR/Vivado/Spartan7_tmc/Spartan7_tmc.srcs/sources_1/ip/axi4_master_vhdl_0_1/hdl/axi4_master_vhdl_v1_0.vhd:5' bound to instance 'U0' of component 'axi4_master_vhdl_v1_0' [c:/PR/Vivado/Spartan7_tmc/Spartan7_tmc.srcs/sources_1/ip/axi4_master_vhdl_0_1/synth/axi4_master_vhdl_0.vhd:250]
INFO: [Synth 8-638] synthesizing module 'axi4_master_vhdl_v1_0' [c:/PR/Vivado/Spartan7_tmc/Spartan7_tmc.srcs/sources_1/ip/axi4_master_vhdl_0_1/hdl/axi4_master_vhdl_v1_0.vhd:93]
	Parameter C_M00_AXI_BURST_LEN bound to: 64 - type: integer 
	Parameter C_M00_AXI_ID_WIDTH bound to: 4 - type: integer 
	Parameter C_M00_AXI_ADDR_WIDTH bound to: 30 - type: integer 
	Parameter C_M00_AXI_DATA_WIDTH bound to: 32 - type: integer 
	Parameter C_M00_AXI_AWUSER_WIDTH bound to: 1 - type: integer 
	Parameter C_M00_AXI_ARUSER_WIDTH bound to: 1 - type: integer 
	Parameter C_M00_AXI_WUSER_WIDTH bound to: 1 - type: integer 
	Parameter C_M00_AXI_RUSER_WIDTH bound to: 1 - type: integer 
	Parameter C_M00_AXI_BUSER_WIDTH bound to: 1 - type: integer 
	Parameter C_M_TARGET_SLAVE_BASE_ADDR bound to: 32'b01000000000000000000000000000000 
	Parameter C_M_AXI_BURST_LEN bound to: 64 - type: integer 
	Parameter C_M_AXI_ID_WIDTH bound to: 4 - type: integer 
	Parameter C_M_AXI_ADDR_WIDTH bound to: 30 - type: integer 
	Parameter C_M_AXI_DATA_WIDTH bound to: 32 - type: integer 
	Parameter C_M_AXI_AWUSER_WIDTH bound to: 1 - type: integer 
	Parameter C_M_AXI_ARUSER_WIDTH bound to: 1 - type: integer 
	Parameter C_M_AXI_WUSER_WIDTH bound to: 1 - type: integer 
	Parameter C_M_AXI_RUSER_WIDTH bound to: 1 - type: integer 
	Parameter C_M_AXI_BUSER_WIDTH bound to: 1 - type: integer 
INFO: [Synth 8-3491] module 'axi4_master_vhdl_v1_0_M00_AXI' declared at 'c:/PR/Vivado/Spartan7_tmc/Spartan7_tmc.srcs/sources_1/ip/axi4_master_vhdl_0_1/hdl/axi4_master_vhdl_v1_0_M00_AXI.vhd:5' bound to instance 'axi4_master_vhdl_v1_0_M00_AXI_inst' of component 'axi4_master_vhdl_v1_0_M00_AXI' [c:/PR/Vivado/Spartan7_tmc/Spartan7_tmc.srcs/sources_1/ip/axi4_master_vhdl_0_1/hdl/axi4_master_vhdl_v1_0.vhd:177]
INFO: [Synth 8-638] synthesizing module 'axi4_master_vhdl_v1_0_M00_AXI' [c:/PR/Vivado/Spartan7_tmc/Spartan7_tmc.srcs/sources_1/ip/axi4_master_vhdl_0_1/hdl/axi4_master_vhdl_v1_0_M00_AXI.vhd:168]
	Parameter C_M_AXI_BURST_LEN bound to: 64 - type: integer 
	Parameter C_M_AXI_ID_WIDTH bound to: 4 - type: integer 
	Parameter C_M_AXI_ADDR_WIDTH bound to: 30 - type: integer 
	Parameter C_M_AXI_DATA_WIDTH bound to: 32 - type: integer 
	Parameter C_M_AXI_AWUSER_WIDTH bound to: 1 - type: integer 
	Parameter C_M_AXI_ARUSER_WIDTH bound to: 1 - type: integer 
	Parameter C_M_AXI_WUSER_WIDTH bound to: 1 - type: integer 
	Parameter C_M_AXI_RUSER_WIDTH bound to: 1 - type: integer 
	Parameter C_M_AXI_BUSER_WIDTH bound to: 1 - type: integer 
WARNING: [Synth 8-3819] Generic 'c_m_target_slave_base_addr' not present in instantiated entity will be ignored [c:/PR/Vivado/Spartan7_tmc/Spartan7_tmc.srcs/sources_1/ip/axi4_master_vhdl_0_1/hdl/axi4_master_vhdl_v1_0.vhd:177]
WARNING: [Synth 8-6014] Unused sequential element wdata_req_ack_reg was removed.  [c:/PR/Vivado/Spartan7_tmc/Spartan7_tmc.srcs/sources_1/ip/axi4_master_vhdl_0_1/hdl/axi4_master_vhdl_v1_0_M00_AXI.vhd:822]
WARNING: [Synth 8-6426] Mix of Sync and Async assignments to register 'master_axi_state_reg' in module 'axi4_master_vhdl_v1_0_M00_AXI' in the same process may cause logic issues. 
 Please split the sync and async parts into different processes [c:/PR/Vivado/Spartan7_tmc/Spartan7_tmc.srcs/sources_1/ip/axi4_master_vhdl_0_1/hdl/axi4_master_vhdl_v1_0_M00_AXI.vhd:928]
WARNING: [Synth 8-6426] Mix of Sync and Async assignments to register 'master_axi_state_reg' in module 'axi4_master_vhdl_v1_0_M00_AXI' in the same process may cause logic issues. 
 Please split the sync and async parts into different processes [c:/PR/Vivado/Spartan7_tmc/Spartan7_tmc.srcs/sources_1/ip/axi4_master_vhdl_0_1/hdl/axi4_master_vhdl_v1_0_M00_AXI.vhd:929]
WARNING: [Synth 8-6426] Mix of Sync and Async assignments to register 'master_axi_state_reg' in module 'axi4_master_vhdl_v1_0_M00_AXI' in the same process may cause logic issues. 
 Please split the sync and async parts into different processes [c:/PR/Vivado/Spartan7_tmc/Spartan7_tmc.srcs/sources_1/ip/axi4_master_vhdl_0_1/hdl/axi4_master_vhdl_v1_0_M00_AXI.vhd:931]
WARNING: [Synth 8-6426] Mix of Sync and Async assignments to register 'master_axi_state_reg' in module 'axi4_master_vhdl_v1_0_M00_AXI' in the same process may cause logic issues. 
 Please split the sync and async parts into different processes [c:/PR/Vivado/Spartan7_tmc/Spartan7_tmc.srcs/sources_1/ip/axi4_master_vhdl_0_1/hdl/axi4_master_vhdl_v1_0_M00_AXI.vhd:934]
WARNING: [Synth 8-6426] Mix of Sync and Async assignments to register 'master_axi_state_reg' in module 'axi4_master_vhdl_v1_0_M00_AXI' in the same process may cause logic issues. 
 Please split the sync and async parts into different processes [c:/PR/Vivado/Spartan7_tmc/Spartan7_tmc.srcs/sources_1/ip/axi4_master_vhdl_0_1/hdl/axi4_master_vhdl_v1_0_M00_AXI.vhd:935]
INFO: [Synth 8-256] done synthesizing module 'axi4_master_vhdl_v1_0_M00_AXI' (1#1) [c:/PR/Vivado/Spartan7_tmc/Spartan7_tmc.srcs/sources_1/ip/axi4_master_vhdl_0_1/hdl/axi4_master_vhdl_v1_0_M00_AXI.vhd:168]
INFO: [Synth 8-256] done synthesizing module 'axi4_master_vhdl_v1_0' (2#1) [c:/PR/Vivado/Spartan7_tmc/Spartan7_tmc.srcs/sources_1/ip/axi4_master_vhdl_0_1/hdl/axi4_master_vhdl_v1_0.vhd:93]
INFO: [Synth 8-256] done synthesizing module 'axi4_master_vhdl_0' (3#1) [c:/PR/Vivado/Spartan7_tmc/Spartan7_tmc.srcs/sources_1/ip/axi4_master_vhdl_0_1/synth/axi4_master_vhdl_0.vhd:119]
WARNING: [Synth 8-3331] design axi4_master_vhdl_v1_0_M00_AXI has unconnected port fifo_wdata_valid
WARNING: [Synth 8-3331] design axi4_master_vhdl_v1_0_M00_AXI has unconnected port INIT_AXI_TXN
WARNING: [Synth 8-3331] design axi4_master_vhdl_v1_0_M00_AXI has unconnected port M_AXI_BID[3]
WARNING: [Synth 8-3331] design axi4_master_vhdl_v1_0_M00_AXI has unconnected port M_AXI_BID[2]
WARNING: [Synth 8-3331] design axi4_master_vhdl_v1_0_M00_AXI has unconnected port M_AXI_BID[1]
WARNING: [Synth 8-3331] design axi4_master_vhdl_v1_0_M00_AXI has unconnected port M_AXI_BID[0]
WARNING: [Synth 8-3331] design axi4_master_vhdl_v1_0_M00_AXI has unconnected port M_AXI_BRESP[0]
WARNING: [Synth 8-3331] design axi4_master_vhdl_v1_0_M00_AXI has unconnected port M_AXI_BUSER[0]
WARNING: [Synth 8-3331] design axi4_master_vhdl_v1_0_M00_AXI has unconnected port M_AXI_RID[3]
WARNING: [Synth 8-3331] design axi4_master_vhdl_v1_0_M00_AXI has unconnected port M_AXI_RID[2]
WARNING: [Synth 8-3331] design axi4_master_vhdl_v1_0_M00_AXI has unconnected port M_AXI_RID[1]
WARNING: [Synth 8-3331] design axi4_master_vhdl_v1_0_M00_AXI has unconnected port M_AXI_RID[0]
WARNING: [Synth 8-3331] design axi4_master_vhdl_v1_0_M00_AXI has unconnected port M_AXI_RDATA[31]
WARNING: [Synth 8-3331] design axi4_master_vhdl_v1_0_M00_AXI has unconnected port M_AXI_RDATA[30]
WARNING: [Synth 8-3331] design axi4_master_vhdl_v1_0_M00_AXI has unconnected port M_AXI_RDATA[29]
WARNING: [Synth 8-3331] design axi4_master_vhdl_v1_0_M00_AXI has unconnected port M_AXI_RDATA[28]
WARNING: [Synth 8-3331] design axi4_master_vhdl_v1_0_M00_AXI has unconnected port M_AXI_RDATA[27]
WARNING: [Synth 8-3331] design axi4_master_vhdl_v1_0_M00_AXI has unconnected port M_AXI_RDATA[26]
WARNING: [Synth 8-3331] design axi4_master_vhdl_v1_0_M00_AXI has unconnected port M_AXI_RDATA[25]
WARNING: [Synth 8-3331] design axi4_master_vhdl_v1_0_M00_AXI has unconnected port M_AXI_RDATA[24]
WARNING: [Synth 8-3331] design axi4_master_vhdl_v1_0_M00_AXI has unconnected port M_AXI_RDATA[23]
WARNING: [Synth 8-3331] design axi4_master_vhdl_v1_0_M00_AXI has unconnected port M_AXI_RDATA[22]
WARNING: [Synth 8-3331] design axi4_master_vhdl_v1_0_M00_AXI has unconnected port M_AXI_RDATA[21]
WARNING: [Synth 8-3331] design axi4_master_vhdl_v1_0_M00_AXI has unconnected port M_AXI_RDATA[20]
WARNING: [Synth 8-3331] design axi4_master_vhdl_v1_0_M00_AXI has unconnected port M_AXI_RDATA[19]
WARNING: [Synth 8-3331] design axi4_master_vhdl_v1_0_M00_AXI has unconnected port M_AXI_RDATA[18]
WARNING: [Synth 8-3331] design axi4_master_vhdl_v1_0_M00_AXI has unconnected port M_AXI_RDATA[17]
WARNING: [Synth 8-3331] design axi4_master_vhdl_v1_0_M00_AXI has unconnected port M_AXI_RDATA[16]
WARNING: [Synth 8-3331] design axi4_master_vhdl_v1_0_M00_AXI has unconnected port M_AXI_RDATA[15]
WARNING: [Synth 8-3331] design axi4_master_vhdl_v1_0_M00_AXI has unconnected port M_AXI_RDATA[14]
WARNING: [Synth 8-3331] design axi4_master_vhdl_v1_0_M00_AXI has unconnected port M_AXI_RDATA[13]
WARNING: [Synth 8-3331] design axi4_master_vhdl_v1_0_M00_AXI has unconnected port M_AXI_RDATA[12]
WARNING: [Synth 8-3331] design axi4_master_vhdl_v1_0_M00_AXI has unconnected port M_AXI_RDATA[11]
WARNING: [Synth 8-3331] design axi4_master_vhdl_v1_0_M00_AXI has unconnected port M_AXI_RDATA[10]
WARNING: [Synth 8-3331] design axi4_master_vhdl_v1_0_M00_AXI has unconnected port M_AXI_RDATA[9]
WARNING: [Synth 8-3331] design axi4_master_vhdl_v1_0_M00_AXI has unconnected port M_AXI_RDATA[8]
WARNING: [Synth 8-3331] design axi4_master_vhdl_v1_0_M00_AXI has unconnected port M_AXI_RDATA[7]
WARNING: [Synth 8-3331] design axi4_master_vhdl_v1_0_M00_AXI has unconnected port M_AXI_RDATA[6]
WARNING: [Synth 8-3331] design axi4_master_vhdl_v1_0_M00_AXI has unconnected port M_AXI_RDATA[5]
WARNING: [Synth 8-3331] design axi4_master_vhdl_v1_0_M00_AXI has unconnected port M_AXI_RDATA[4]
WARNING: [Synth 8-3331] design axi4_master_vhdl_v1_0_M00_AXI has unconnected port M_AXI_RDATA[3]
WARNING: [Synth 8-3331] design axi4_master_vhdl_v1_0_M00_AXI has unconnected port M_AXI_RDATA[2]
WARNING: [Synth 8-3331] design axi4_master_vhdl_v1_0_M00_AXI has unconnected port M_AXI_RDATA[1]
WARNING: [Synth 8-3331] design axi4_master_vhdl_v1_0_M00_AXI has unconnected port M_AXI_RDATA[0]
WARNING: [Synth 8-3331] design axi4_master_vhdl_v1_0_M00_AXI has unconnected port M_AXI_RRESP[0]
WARNING: [Synth 8-3331] design axi4_master_vhdl_v1_0_M00_AXI has unconnected port M_AXI_RUSER[0]
---------------------------------------------------------------------------------
Finished RTL Elaboration : Time (s): cpu = 00:00:02 ; elapsed = 00:00:03 . Memory (MB): peak = 422.402 ; gain = 157.801
---------------------------------------------------------------------------------

Report Check Netlist: 
+------+------------------+-------+---------+-------+------------------+
|      |Item              |Errors |Warnings |Status |Description       |
+------+------------------+-------+---------+-------+------------------+
|1     |multi_driven_nets |      0|        0|Passed |Multi driven nets |
+------+------------------+-------+---------+-------+------------------+
---------------------------------------------------------------------------------
Start Handling Custom Attributes
---------------------------------------------------------------------------------
---------------------------------------------------------------------------------
Finished Handling Custom Attributes : Time (s): cpu = 00:00:02 ; elapsed = 00:00:03 . Memory (MB): peak = 422.402 ; gain = 157.801
---------------------------------------------------------------------------------
---------------------------------------------------------------------------------
Finished RTL Optimization Phase 1 : Time (s): cpu = 00:00:02 ; elapsed = 00:00:03 . Memory (MB): peak = 422.402 ; gain = 157.801
---------------------------------------------------------------------------------
INFO: [Device 21-403] Loading part xc7s75fgga484-2
INFO: [Project 1-570] Preparing netlist for logic optimization

Processing XDC Constraints
Initializing timing engine
Completed Processing XDC Constraints

INFO: [Project 1-111] Unisim Transformation Summary:
No Unisim elements were transformed.

WARNING: [Constraints 18-5210] No constraint will be written out.
Constraint Validation Runtime : Time (s): cpu = 00:00:00 ; elapsed = 00:00:00.070 . Memory (MB): peak = 742.695 ; gain = 3.477
---------------------------------------------------------------------------------
Finished Constraint Validation : Time (s): cpu = 00:00:09 ; elapsed = 00:00:11 . Memory (MB): peak = 742.695 ; gain = 478.094
---------------------------------------------------------------------------------
---------------------------------------------------------------------------------
Start Loading Part and Timing Information
---------------------------------------------------------------------------------
Loading part: xc7s75fgga484-2
---------------------------------------------------------------------------------
Finished Loading Part and Timing Information : Time (s): cpu = 00:00:09 ; elapsed = 00:00:11 . Memory (MB): peak = 742.695 ; gain = 478.094
---------------------------------------------------------------------------------
---------------------------------------------------------------------------------
Start Applying 'set_property' XDC Constraints
---------------------------------------------------------------------------------
---------------------------------------------------------------------------------
Finished applying 'set_property' XDC Constraints : Time (s): cpu = 00:00:09 ; elapsed = 00:00:11 . Memory (MB): peak = 742.695 ; gain = 478.094
---------------------------------------------------------------------------------
INFO: [Synth 8-802] inferred FSM for state register 'mst_exec_state_reg' in module 'axi4_master_vhdl_v1_0_M00_AXI'
INFO: [Synth 8-802] inferred FSM for state register 'gnt_ps_reg' in module 'axi4_master_vhdl_v1_0_M00_AXI'
INFO: [Synth 8-5544] ROM "gnt_hold" won't be mapped to Block RAM because address size (3) smaller than threshold (5)
INFO: [Synth 8-5544] ROM "mst_exec_state_read" won't be mapped to Block RAM because address size (2) smaller than threshold (5)
INFO: [Synth 8-5544] ROM "master_axi_state" won't be mapped to Block RAM because address size (2) smaller than threshold (5)
INFO: [Synth 8-5544] ROM "master_axi_state" won't be mapped to Block RAM because address size (2) smaller than threshold (5)
INFO: [Synth 8-5544] ROM "mst_exec_state" won't be mapped to Block RAM because address size (1) smaller than threshold (5)
INFO: [Synth 8-5544] ROM "mst_exec_state" won't be mapped to Block RAM because address size (1) smaller than threshold (5)
INFO: [Synth 8-5544] ROM "master_axi_state" won't be mapped to Block RAM because address size (2) smaller than threshold (5)
INFO: [Synth 8-5544] ROM "master_axi_state" won't be mapped to Block RAM because address size (2) smaller than threshold (5)
INFO: [Synth 8-5544] ROM "master_axi_state" won't be mapped to Block RAM because address size (2) smaller than threshold (5)
INFO: [Synth 8-5544] ROM "gnt_ps" won't be mapped to Block RAM because address size (1) smaller than threshold (5)
INFO: [Synth 8-5544] ROM "gnt_ps" won't be mapped to Block RAM because address size (1) smaller than threshold (5)
INFO: [Synth 8-5544] ROM "gnt_ps" won't be mapped to Block RAM because address size (1) smaller than threshold (5)
---------------------------------------------------------------------------------------------------
                   State |                     New Encoding |                Previous Encoding 
---------------------------------------------------------------------------------------------------
                   rd_st |                              001 |                               00
                   fq_st |                              010 |                               10
                   ev_st |                              100 |                               01
---------------------------------------------------------------------------------------------------
INFO: [Synth 8-3354] encoded FSM with state register 'gnt_ps_reg' using encoding 'one-hot' in module 'axi4_master_vhdl_v1_0_M00_AXI'
---------------------------------------------------------------------------------------------------
                   State |                     New Encoding |                Previous Encoding 
---------------------------------------------------------------------------------------------------
                    idle |                               00 |                               00
              init_write |                               01 |                               01
               init_read |                               10 |                               10
---------------------------------------------------------------------------------------------------
INFO: [Synth 8-3354] encoded FSM with state register 'mst_exec_state_reg' using encoding 'sequential' in module 'axi4_master_vhdl_v1_0_M00_AXI'
---------------------------------------------------------------------------------
Finished RTL Optimization Phase 2 : Time (s): cpu = 00:00:09 ; elapsed = 00:00:12 . Memory (MB): peak = 742.695 ; gain = 478.094
---------------------------------------------------------------------------------

Report RTL Partitions: 
+-+--------------+------------+----------+
| |RTL Partition |Replication |Instances |
+-+--------------+------------+----------+
+-+--------------+------------+----------+
---------------------------------------------------------------------------------
Start RTL Component Statistics 
---------------------------------------------------------------------------------
Detailed RTL Component Info : 
+---Adders : 
	   2 Input      8 Bit       Adders := 5     
	   2 Input      1 Bit       Adders := 2     
+---Registers : 
	                8 Bit    Registers := 2     
	                1 Bit    Registers := 19    
+---Muxes : 
	   3 Input      3 Bit        Muxes := 1     
	   2 Input      3 Bit        Muxes := 3     
	   3 Input      2 Bit        Muxes := 1     
	   2 Input      2 Bit        Muxes := 4     
	   3 Input      1 Bit        Muxes := 8     
	   2 Input      1 Bit        Muxes := 29    
---------------------------------------------------------------------------------
Finished RTL Component Statistics 
---------------------------------------------------------------------------------
---------------------------------------------------------------------------------
Start RTL Hierarchical Component Statistics 
---------------------------------------------------------------------------------
Hierarchical RTL Component report 
Module axi4_master_vhdl_v1_0_M00_AXI 
Detailed RTL Component Info : 
+---Adders : 
	   2 Input      8 Bit       Adders := 5     
	   2 Input      1 Bit       Adders := 2     
+---Registers : 
	                8 Bit    Registers := 2     
	                1 Bit    Registers := 19    
+---Muxes : 
	   3 Input      3 Bit        Muxes := 1     
	   2 Input      3 Bit        Muxes := 3     
	   3 Input      2 Bit        Muxes := 1     
	   2 Input      2 Bit        Muxes := 4     
	   3 Input      1 Bit        Muxes := 8     
	   2 Input      1 Bit        Muxes := 29    
---------------------------------------------------------------------------------
Finished RTL Hierarchical Component Statistics
---------------------------------------------------------------------------------
---------------------------------------------------------------------------------
Start Part Resource Summary
---------------------------------------------------------------------------------
Part Resources:
DSPs: 140 (col length:80)
BRAMs: 180 (col length: RAMB18 80 RAMB36 40)
---------------------------------------------------------------------------------
Finished Part Resource Summary
---------------------------------------------------------------------------------
---------------------------------------------------------------------------------
Start Cross Boundary and Area Optimization
---------------------------------------------------------------------------------
Warning: Parallel synthesis criteria is not met 
INFO: [Synth 8-3917] design axi4_master_vhdl_0 has port master_axi_state[7] driven by constant 0
INFO: [Synth 8-3917] design axi4_master_vhdl_0 has port master_axi_state[3] driven by constant 0
INFO: [Synth 8-3917] design axi4_master_vhdl_0 has port m00_axi_awid[3] driven by constant 0
INFO: [Synth 8-3917] design axi4_master_vhdl_0 has port m00_axi_awid[2] driven by constant 0
INFO: [Synth 8-3917] design axi4_master_vhdl_0 has port m00_axi_awid[1] driven by constant 0
INFO: [Synth 8-3917] design axi4_master_vhdl_0 has port m00_axi_awid[0] driven by constant 0
INFO: [Synth 8-3917] design axi4_master_vhdl_0 has port m00_axi_awsize[2] driven by constant 0
INFO: [Synth 8-3917] design axi4_master_vhdl_0 has port m00_axi_awsize[1] driven by constant 1
INFO: [Synth 8-3917] design axi4_master_vhdl_0 has port m00_axi_awsize[0] driven by constant 0
INFO: [Synth 8-3917] design axi4_master_vhdl_0 has port m00_axi_awburst[1] driven by constant 0
INFO: [Synth 8-3917] design axi4_master_vhdl_0 has port m00_axi_awburst[0] driven by constant 1
INFO: [Synth 8-3917] design axi4_master_vhdl_0 has port m00_axi_awlock driven by constant 0
INFO: [Synth 8-3917] design axi4_master_vhdl_0 has port m00_axi_awcache[3] driven by constant 0
INFO: [Synth 8-3917] design axi4_master_vhdl_0 has port m00_axi_awcache[2] driven by constant 0
INFO: [Synth 8-3917] design axi4_master_vhdl_0 has port m00_axi_awcache[1] driven by constant 0
INFO: [Synth 8-3917] design axi4_master_vhdl_0 has port m00_axi_awcache[0] driven by constant 0
INFO: [Synth 8-3917] design axi4_master_vhdl_0 has port m00_axi_awprot[2] driven by constant 0
INFO: [Synth 8-3917] design axi4_master_vhdl_0 has port m00_axi_awprot[1] driven by constant 0
INFO: [Synth 8-3917] design axi4_master_vhdl_0 has port m00_axi_awprot[0] driven by constant 0
INFO: [Synth 8-3917] design axi4_master_vhdl_0 has port m00_axi_awqos[3] driven by constant 0
INFO: [Synth 8-3917] design axi4_master_vhdl_0 has port m00_axi_awqos[2] driven by constant 0
INFO: [Synth 8-3917] design axi4_master_vhdl_0 has port m00_axi_awqos[1] driven by constant 0
INFO: [Synth 8-3917] design axi4_master_vhdl_0 has port m00_axi_awqos[0] driven by constant 0
INFO: [Synth 8-3917] design axi4_master_vhdl_0 has port m00_axi_awuser[0] driven by constant 0
INFO: [Synth 8-3917] design axi4_master_vhdl_0 has port m00_axi_wstrb[3] driven by constant 1
INFO: [Synth 8-3917] design axi4_master_vhdl_0 has port m00_axi_wstrb[2] driven by constant 1
INFO: [Synth 8-3917] design axi4_master_vhdl_0 has port m00_axi_wstrb[1] driven by constant 1
INFO: [Synth 8-3917] design axi4_master_vhdl_0 has port m00_axi_wstrb[0] driven by constant 1
INFO: [Synth 8-3917] design axi4_master_vhdl_0 has port m00_axi_wuser[0] driven by constant 0
INFO: [Synth 8-3917] design axi4_master_vhdl_0 has port m00_axi_arid[3] driven by constant 0
INFO: [Synth 8-3917] design axi4_master_vhdl_0 has port m00_axi_arid[2] driven by constant 0
INFO: [Synth 8-3917] design axi4_master_vhdl_0 has port m00_axi_arid[1] driven by constant 0
INFO: [Synth 8-3917] design axi4_master_vhdl_0 has port m00_axi_arid[0] driven by constant 0
INFO: [Synth 8-3917] design axi4_master_vhdl_0 has port m00_axi_arsize[2] driven by constant 0
INFO: [Synth 8-3917] design axi4_master_vhdl_0 has port m00_axi_arsize[1] driven by constant 1
INFO: [Synth 8-3917] design axi4_master_vhdl_0 has port m00_axi_arsize[0] driven by constant 0
INFO: [Synth 8-3917] design axi4_master_vhdl_0 has port m00_axi_arburst[1] driven by constant 0
INFO: [Synth 8-3917] design axi4_master_vhdl_0 has port m00_axi_arburst[0] driven by constant 1
INFO: [Synth 8-3917] design axi4_master_vhdl_0 has port m00_axi_arlock driven by constant 0
INFO: [Synth 8-3917] design axi4_master_vhdl_0 has port m00_axi_arcache[3] driven by constant 0
INFO: [Synth 8-3917] design axi4_master_vhdl_0 has port m00_axi_arcache[2] driven by constant 0
INFO: [Synth 8-3917] design axi4_master_vhdl_0 has port m00_axi_arcache[1] driven by constant 0
INFO: [Synth 8-3917] design axi4_master_vhdl_0 has port m00_axi_arcache[0] driven by constant 0
INFO: [Synth 8-3917] design axi4_master_vhdl_0 has port m00_axi_arprot[2] driven by constant 0
INFO: [Synth 8-3917] design axi4_master_vhdl_0 has port m00_axi_arprot[1] driven by constant 0
INFO: [Synth 8-3917] design axi4_master_vhdl_0 has port m00_axi_arprot[0] driven by constant 0
INFO: [Synth 8-3917] design axi4_master_vhdl_0 has port m00_axi_arqos[3] driven by constant 0
INFO: [Synth 8-3917] design axi4_master_vhdl_0 has port m00_axi_arqos[2] driven by constant 0
INFO: [Synth 8-3917] design axi4_master_vhdl_0 has port m00_axi_arqos[1] driven by constant 0
INFO: [Synth 8-3917] design axi4_master_vhdl_0 has port m00_axi_arqos[0] driven by constant 0
INFO: [Synth 8-3917] design axi4_master_vhdl_0 has port m00_axi_aruser[0] driven by constant 1
INFO: [Synth 8-3917] design axi4_master_vhdl_0 has port m00_axi_txn_done driven by constant 0
WARNING: [Synth 8-3331] design axi4_master_vhdl_0 has unconnected port fifo_wdata_valid
WARNING: [Synth 8-3331] design axi4_master_vhdl_0 has unconnected port m00_axi_bid[3]
WARNING: [Synth 8-3331] design axi4_master_vhdl_0 has unconnected port m00_axi_bid[2]
WARNING: [Synth 8-3331] design axi4_master_vhdl_0 has unconnected port m00_axi_bid[1]
WARNING: [Synth 8-3331] design axi4_master_vhdl_0 has unconnected port m00_axi_bid[0]
WARNING: [Synth 8-3331] design axi4_master_vhdl_0 has unconnected port m00_axi_bresp[0]
WARNING: [Synth 8-3331] design axi4_master_vhdl_0 has unconnected port m00_axi_buser[0]
WARNING: [Synth 8-3331] design axi4_master_vhdl_0 has unconnected port m00_axi_rid[3]
WARNING: [Synth 8-3331] design axi4_master_vhdl_0 has unconnected port m00_axi_rid[2]
WARNING: [Synth 8-3331] design axi4_master_vhdl_0 has unconnected port m00_axi_rid[1]
WARNING: [Synth 8-3331] design axi4_master_vhdl_0 has unconnected port m00_axi_rid[0]
WARNING: [Synth 8-3331] design axi4_master_vhdl_0 has unconnected port m00_axi_rdata[31]
WARNING: [Synth 8-3331] design axi4_master_vhdl_0 has unconnected port m00_axi_rdata[30]
WARNING: [Synth 8-3331] design axi4_master_vhdl_0 has unconnected port m00_axi_rdata[29]
WARNING: [Synth 8-3331] design axi4_master_vhdl_0 has unconnected port m00_axi_rdata[28]
WARNING: [Synth 8-3331] design axi4_master_vhdl_0 has unconnected port m00_axi_rdata[27]
WARNING: [Synth 8-3331] design axi4_master_vhdl_0 has unconnected port m00_axi_rdata[26]
WARNING: [Synth 8-3331] design axi4_master_vhdl_0 has unconnected port m00_axi_rdata[25]
WARNING: [Synth 8-3331] design axi4_master_vhdl_0 has unconnected port m00_axi_rdata[24]
WARNING: [Synth 8-3331] design axi4_master_vhdl_0 has unconnected port m00_axi_rdata[23]
WARNING: [Synth 8-3331] design axi4_master_vhdl_0 has unconnected port m00_axi_rdata[22]
WARNING: [Synth 8-3331] design axi4_master_vhdl_0 has unconnected port m00_axi_rdata[21]
WARNING: [Synth 8-3331] design axi4_master_vhdl_0 has unconnected port m00_axi_rdata[20]
WARNING: [Synth 8-3331] design axi4_master_vhdl_0 has unconnected port m00_axi_rdata[19]
WARNING: [Synth 8-3331] design axi4_master_vhdl_0 has unconnected port m00_axi_rdata[18]
WARNING: [Synth 8-3331] design axi4_master_vhdl_0 has unconnected port m00_axi_rdata[17]
WARNING: [Synth 8-3331] design axi4_master_vhdl_0 has unconnected port m00_axi_rdata[16]
WARNING: [Synth 8-3331] design axi4_master_vhdl_0 has unconnected port m00_axi_rdata[15]
WARNING: [Synth 8-3331] design axi4_master_vhdl_0 has unconnected port m00_axi_rdata[14]
WARNING: [Synth 8-3331] design axi4_master_vhdl_0 has unconnected port m00_axi_rdata[13]
WARNING: [Synth 8-3331] design axi4_master_vhdl_0 has unconnected port m00_axi_rdata[12]
WARNING: [Synth 8-3331] design axi4_master_vhdl_0 has unconnected port m00_axi_rdata[11]
WARNING: [Synth 8-3331] design axi4_master_vhdl_0 has unconnected port m00_axi_rdata[10]
WARNING: [Synth 8-3331] design axi4_master_vhdl_0 has unconnected port m00_axi_rdata[9]
WARNING: [Synth 8-3331] design axi4_master_vhdl_0 has unconnected port m00_axi_rdata[8]
WARNING: [Synth 8-3331] design axi4_master_vhdl_0 has unconnected port m00_axi_rdata[7]
WARNING: [Synth 8-3331] design axi4_master_vhdl_0 has unconnected port m00_axi_rdata[6]
WARNING: [Synth 8-3331] design axi4_master_vhdl_0 has unconnected port m00_axi_rdata[5]
WARNING: [Synth 8-3331] design axi4_master_vhdl_0 has unconnected port m00_axi_rdata[4]
WARNING: [Synth 8-3331] design axi4_master_vhdl_0 has unconnected port m00_axi_rdata[3]
WARNING: [Synth 8-3331] design axi4_master_vhdl_0 has unconnected port m00_axi_rdata[2]
WARNING: [Synth 8-3331] design axi4_master_vhdl_0 has unconnected port m00_axi_rdata[1]
WARNING: [Synth 8-3331] design axi4_master_vhdl_0 has unconnected port m00_axi_rdata[0]
WARNING: [Synth 8-3331] design axi4_master_vhdl_0 has unconnected port m00_axi_rresp[0]
WARNING: [Synth 8-3331] design axi4_master_vhdl_0 has unconnected port m00_axi_ruser[0]
WARNING: [Synth 8-3331] design axi4_master_vhdl_0 has unconnected port m00_axi_init_axi_txn
---------------------------------------------------------------------------------
Finished Cross Boundary and Area Optimization : Time (s): cpu = 00:00:10 ; elapsed = 00:00:13 . Memory (MB): peak = 742.695 ; gain = 478.094
---------------------------------------------------------------------------------

Report RTL Partitions: 
+-+--------------+------------+----------+
| |RTL Partition |Replication |Instances |
+-+--------------+------------+----------+
+-+--------------+------------+----------+
---------------------------------------------------------------------------------
Start Applying XDC Timing Constraints
---------------------------------------------------------------------------------
---------------------------------------------------------------------------------
Finished Applying XDC Timing Constraints : Time (s): cpu = 00:00:17 ; elapsed = 00:00:21 . Memory (MB): peak = 745.086 ; gain = 480.484
---------------------------------------------------------------------------------
---------------------------------------------------------------------------------
Start Timing Optimization
---------------------------------------------------------------------------------
---------------------------------------------------------------------------------
Finished Timing Optimization : Time (s): cpu = 00:00:17 ; elapsed = 00:00:21 . Memory (MB): peak = 745.238 ; gain = 480.637
---------------------------------------------------------------------------------

Report RTL Partitions: 
+-+--------------+------------+----------+
| |RTL Partition |Replication |Instances |
+-+--------------+------------+----------+
+-+--------------+------------+----------+
---------------------------------------------------------------------------------
Start Technology Mapping
---------------------------------------------------------------------------------
---------------------------------------------------------------------------------
Finished Technology Mapping : Time (s): cpu = 00:00:17 ; elapsed = 00:00:21 . Memory (MB): peak = 765.539 ; gain = 500.938
---------------------------------------------------------------------------------

Report RTL Partitions: 
+-+--------------+------------+----------+
| |RTL Partition |Replication |Instances |
+-+--------------+------------+----------+
+-+--------------+------------+----------+
---------------------------------------------------------------------------------
Start IO Insertion
---------------------------------------------------------------------------------
---------------------------------------------------------------------------------
Start Flattening Before IO Insertion
---------------------------------------------------------------------------------
---------------------------------------------------------------------------------
Finished Flattening Before IO Insertion
---------------------------------------------------------------------------------
---------------------------------------------------------------------------------
Start Final Netlist Cleanup
---------------------------------------------------------------------------------
---------------------------------------------------------------------------------
Finished Final Netlist Cleanup
---------------------------------------------------------------------------------
---------------------------------------------------------------------------------
Finished IO Insertion : Time (s): cpu = 00:00:18 ; elapsed = 00:00:21 . Memory (MB): peak = 765.539 ; gain = 500.938
---------------------------------------------------------------------------------

Report Check Netlist: 
+------+------------------+-------+---------+-------+------------------+
|      |Item              |Errors |Warnings |Status |Description       |
+------+------------------+-------+---------+-------+------------------+
|1     |multi_driven_nets |      0|        0|Passed |Multi driven nets |
+------+------------------+-------+---------+-------+------------------+
---------------------------------------------------------------------------------
Start Renaming Generated Instances
---------------------------------------------------------------------------------
---------------------------------------------------------------------------------
Finished Renaming Generated Instances : Time (s): cpu = 00:00:18 ; elapsed = 00:00:21 . Memory (MB): peak = 765.539 ; gain = 500.938
---------------------------------------------------------------------------------

Report RTL Partitions: 
+-+--------------+------------+----------+
| |RTL Partition |Replication |Instances |
+-+--------------+------------+----------+
+-+--------------+------------+----------+
---------------------------------------------------------------------------------
Start Rebuilding User Hierarchy
---------------------------------------------------------------------------------
---------------------------------------------------------------------------------
Finished Rebuilding User Hierarchy : Time (s): cpu = 00:00:18 ; elapsed = 00:00:21 . Memory (MB): peak = 765.539 ; gain = 500.938
---------------------------------------------------------------------------------
---------------------------------------------------------------------------------
Start Renaming Generated Ports
---------------------------------------------------------------------------------
---------------------------------------------------------------------------------
Finished Renaming Generated Ports : Time (s): cpu = 00:00:18 ; elapsed = 00:00:21 . Memory (MB): peak = 765.539 ; gain = 500.938
---------------------------------------------------------------------------------
---------------------------------------------------------------------------------
Start Handling Custom Attributes
---------------------------------------------------------------------------------
---------------------------------------------------------------------------------
Finished Handling Custom Attributes : Time (s): cpu = 00:00:18 ; elapsed = 00:00:21 . Memory (MB): peak = 765.539 ; gain = 500.938
---------------------------------------------------------------------------------
---------------------------------------------------------------------------------
Start Renaming Generated Nets
---------------------------------------------------------------------------------
---------------------------------------------------------------------------------
Finished Renaming Generated Nets : Time (s): cpu = 00:00:18 ; elapsed = 00:00:21 . Memory (MB): peak = 765.539 ; gain = 500.938
---------------------------------------------------------------------------------
---------------------------------------------------------------------------------
Start Writing Synthesis Report
---------------------------------------------------------------------------------

Report BlackBoxes: 
+-+--------------+----------+
| |BlackBox name |Instances |
+-+--------------+----------+
+-+--------------+----------+

Report Cell Usage: 
+------+-------+------+
|      |Cell   |Count |
+------+-------+------+
|1     |CARRY4 |     1|
|2     |LUT1   |     5|
|3     |LUT2   |    20|
|4     |LUT3   |    18|
|5     |LUT4   |    20|
|6     |LUT5   |    15|
|7     |LUT6   |    34|
|8     |FDRE   |    39|
|9     |FDSE   |     1|
+------+-------+------+

Report Instance Areas: 
+------+---------------------------------------+------------------------------+------+
|      |Instance                               |Module                        |Cells |
+------+---------------------------------------+------------------------------+------+
|1     |top                                    |                              |   153|
|2     |  U0                                   |axi4_master_vhdl_v1_0         |   139|
|3     |    axi4_master_vhdl_v1_0_M00_AXI_inst |axi4_master_vhdl_v1_0_M00_AXI |   139|
+------+---------------------------------------+------------------------------+------+
---------------------------------------------------------------------------------
Finished Writing Synthesis Report : Time (s): cpu = 00:00:18 ; elapsed = 00:00:21 . Memory (MB): peak = 765.539 ; gain = 500.938
---------------------------------------------------------------------------------
Synthesis finished with 0 errors, 0 critical warnings and 46 warnings.
Synthesis Optimization Runtime : Time (s): cpu = 00:00:11 ; elapsed = 00:00:16 . Memory (MB): peak = 765.539 ; gain = 180.645
Synthesis Optimization Complete : Time (s): cpu = 00:00:18 ; elapsed = 00:00:21 . Memory (MB): peak = 765.539 ; gain = 500.938
INFO: [Project 1-571] Translating synthesized netlist
INFO: [Netlist 29-17] Analyzing 1 Unisim elements for replacement
INFO: [Netlist 29-28] Unisim Transformation completed in 0 CPU seconds
INFO: [Project 1-570] Preparing netlist for logic optimization
INFO: [Opt 31-138] Pushed 0 inverter(s) to 0 load pin(s).
INFO: [Project 1-111] Unisim Transformation Summary:
No Unisim elements were transformed.

INFO: [Common 17-83] Releasing license: Synthesis
87 Infos, 100 Warnings, 0 Critical Warnings and 0 Errors encountered.
synth_design completed successfully
synth_design: Time (s): cpu = 00:00:20 ; elapsed = 00:00:24 . Memory (MB): peak = 765.539 ; gain = 510.715
WARNING: [Constraints 18-5210] No constraint will be written out.
INFO: [Common 17-1381] The checkpoint 'C:/PR/Vivado/Spartan7_tmc/Spartan7_tmc.runs/axi4_master_vhdl_0_synth_1/axi4_master_vhdl_0.dcp' has been generated.
INFO: [Coretcl 2-1482] Added synthesis output to IP cache for IP c:/PR/Vivado/Spartan7_tmc/Spartan7_tmc.srcs/sources_1/ip/axi4_master_vhdl_0_1/axi4_master_vhdl_0.xci
INFO: [Coretcl 2-1174] Renamed 2 cell refs.
WARNING: [Constraints 18-5210] No constraint will be written out.
INFO: [Common 17-1381] The checkpoint 'C:/PR/Vivado/Spartan7_tmc/Spartan7_tmc.runs/axi4_master_vhdl_0_synth_1/axi4_master_vhdl_0.dcp' has been generated.
INFO: [runtcl-4] Executing : report_utilization -file axi4_master_vhdl_0_utilization_synth.rpt -pb axi4_master_vhdl_0_utilization_synth.pb
report_utilization: Time (s): cpu = 00:00:00 ; elapsed = 00:00:00.031 . Memory (MB): peak = 765.539 ; gain = 0.000
INFO: [Common 17-206] Exiting Vivado at Tue Sep 13 16:40:45 2022...
