MIG: 16:46:43 : Running customizer.xit
MIG: 16:46:43 : ################# RUNNING MIG INTERACTIVE ###################
MIG: 16:46:43 : Writing IN file for 'mig_7series_0'...compDirPath: c:/Xilinx/Vivado/2018.2/data/ip/xilinx/mig_7series_v4_1... instDirPath: c:/Users/310268386/AppData/Roaming/Xilinx/Vivado/.Xil/Vivado-3696-ilqhfaatc1msdgs/coregen/mig_7series_0
MIG: 16:46:43 : synp_flow:  -- synthesis_mode: Other
MIG: 16:46:43 : outputDirectory: c:/Users/310268386/AppData/Roaming/Xilinx/Vivado/.Xil/Vivado-3696-ilqhfaatc1msdgs/coregen/mig_7series_0/_tmp/
MIG: 16:46:43 : vivado_mode: xpg_pa
MIG: 16:46:43 :  locked false  
MIG: 16:46:43 : HDL Language: Verilog
MIG: 16:46:43 : compInfo: true
MIG: 16:46:43 : relative mig path: coregen/ip/xilinx/other/com/xilinx/ip/mig_7series_v4_1/bin/nt64/mig.exe
MIG: 16:46:43 : xilinx_path: C:/Xilinx/Vivado/2018.2/ids_lite/ISE
MIG: 16:46:43 : I am in catch area
MIG: 16:46:43 : Running C:/Xilinx/Vivado/2018.2/ids_lite/ISE/coregen/ip/xilinx/other/com/xilinx/ip/mig_7series_v4_1/bin/nt64/mig.exe -cg_exc_inp c:/Users/310268386/AppData/Roaming/Xilinx/Vivado/.Xil/Vivado-3696-ilqhfaatc1msdgs/coregen/mig_7series_0/xil_txt.in -cg_exc_out c:/Users/310268386/AppData/Roaming/Xilinx/Vivado/.Xil/Vivado-3696-ilqhfaatc1msdgs/coregen/mig_7series_0/xil_txt.out ... 
MIG: 17:22:59 : Prasad before: xmlPropertyPrj --  .prj
MIG: 17:22:59 : Prasad After: xmlPropertyPrj -- mig_a.prj
MIG: 17:22:59 : XML_INPUT_FILE: c:/Users/310268386/AppData/Roaming/Xilinx/Vivado/.Xil/Vivado-3696-ilqhfaatc1msdgs/coregen/mig_7series_0/mig_a.prj
MIG: 17:22:59 : Component_Name: DDR3_AXI_IF
MIG: 17:22:59 : Moving DDR3_AXI_IF ...
MIG: 17:22:59 : Moving DDR3_AXI_IF.veo ...
MIG: 17:22:59 : Moving DDR3_AXI_IF_xmdf.tcl ...
MIG: 17:22:59 : Sending back 0
MIG: 17:23:02 : xml_input_file: mig_a.prj
MIG: 17:23:02 : Absolute path of xml_input_file: d:/EugeneS/PR/Vivado/Spartan7_tmc/Spartan7_tmc.srcs/sources_1/ip/DDR3_AXI_IF/mig_a.prj
MIG: 17:23:02 : xml_input_file: mig_a.prj
MIG: 17:23:02 : Absolute path of xml_input_file: d:/EugeneS/PR/Vivado/Spartan7_tmc/Spartan7_tmc.srcs/sources_1/ip/DDR3_AXI_IF/mig_a.prj
MIG: 17:23:02 : In updateAllModelParams
MIG: 17:23:02 : IGN:     <ModuleName>DDR3_AXI_IF</ModuleName> <==>     <ModuleName>DDR3_AXI_IF</ModuleName> 
MIG: 17:23:02 : IGN:         <InputClkFreq>80</InputClkFreq> <==>         <InputClkFreq>80</InputClkFreq> 
MIG: 17:23:02 : XGUI hdlLanguage: Verilog
MIG: 17:23:02 : xgui vivado_mode: xpg_pa
MIG: 17:23:02 : xgui hdlLanguage: Verilog -- hdlExt: v
MIG: 17:23:02 : Reading D:/EugeneS/PR/Vivado/Spartan7_tmc/Spartan7_tmc.srcs/sources_1/ip/DDR3_AXI_IF/DDR3_AXI_IF/user_design/rtl/DDR3_AXI_IF_mig.v ...
MIG: 17:23:03 : 1
MIG: 17:23:03 : Inside fn mem: DDR3
MIG: 17:23:03 : detect_uiclk: 160000000
MIG: 17:23:03 : cntrl:  memtype: DDR3
MIG: 17:23:03 : 640
MIG: 17:23:03 :  MMCM_VCO single ctrl param_name: MMCM_VCO --  possibleMaxVcoVal: 640 
MIG: 17:23:03 : 
MIG: 17:23:03 : 1
MIG: 17:23:03 : 160000000
MIG: 17:23:03 : 
MIG: 17:23:03 :  polarity_value: 1
MIG: 17:23:03 : 
MIG: 17:23:03 : 
MIG: 17:23:03 : cntrl:  memtype: DDR3
MIG: 17:23:03 : 
MIG: 17:23:03 :  Valid Param: DDR3_BANK_WIDTH ==> 3
MIG: 17:23:03 : 
MIG: 17:23:03 :  Valid Param: DDR3_CK_WIDTH ==> 1
MIG: 17:23:03 :  Invalid Param: DDR3_COL_WIDTH ==> 11
MIG: 17:23:03 : 
MIG: 17:23:03 :  Valid Param: DDR3_CS_WIDTH ==> 1
MIG: 17:23:03 : 
MIG: 17:23:03 :  Valid Param: DDR3_nCS_PER_RANK ==> 1
MIG: 17:23:03 : 
MIG: 17:23:03 :  Valid Param: DDR3_CKE_WIDTH ==> 1
MIG: 17:23:03 :  Invalid Param: DDR3_DATA_BUF_ADDR_WIDTH ==> 4
MIG: 17:23:03 :  Invalid Param: DDR3_DQ_CNT_WIDTH ==> 3
MIG: 17:23:03 :  Invalid Param: DDR3_DQ_PER_DM ==> 8
MIG: 17:23:03 : 
MIG: 17:23:03 :  Valid Param: DDR3_DM_WIDTH ==> 1
MIG: 17:23:03 : 
MIG: 17:23:03 :  Valid Param: DDR3_DQ_WIDTH ==> 8
MIG: 17:23:03 : 
MIG: 17:23:03 :  Valid Param: DDR3_DQS_WIDTH ==> 1
MIG: 17:23:03 : 
MIG: 17:23:03 :  Valid Param: DDR3_DQS_CNT_WIDTH ==> 1
MIG: 17:23:03 :  Invalid Param: DDR3_DRAM_WIDTH ==> 8
MIG: 17:23:03 : 
MIG: 17:23:03 :  Valid Param: ECC ==> OFF
MIG: 17:23:03 : 
MIG: 17:23:03 :  Valid Param: DDR3_DATA_WIDTH ==> 8
MIG: 17:23:03 :  Invalid Param: ECC_TEST ==> "OFF"
MIG: 17:23:03 :  Invalid Param: DDR3_PAYLOAD_WIDTH ==> (ECC_TEST == "OFF") ? DATA_WIDTH : DQ_WIDTH
MIG: 17:23:03 :  Invalid Param: DDR3_MEM_ADDR_ORDER ==> "BANK_ROW_COLUMN"
MIG: 17:23:03 :  Invalid Param: DDR3_nBANK_MACHS ==> 4
MIG: 17:23:03 :  Invalid Param: DDR3_RANKS ==> 1
MIG: 17:23:03 : 
MIG: 17:23:03 :  Valid Param: DDR3_ODT_WIDTH ==> 1
MIG: 17:23:03 : 16
MIG: 17:23:03 :  Valid Param: DDR3_ROW_WIDTH ==> 16
MIG: 17:23:03 : 31
MIG: 17:23:03 :  Valid Param: DDR3_ADDR_WIDTH ==> 31
MIG: 17:23:03 : 
MIG: 17:23:03 :  Valid Param: DDR3_USE_CS_PORT ==> 1
MIG: 17:23:03 : 
MIG: 17:23:03 :  Valid Param: DDR3_USE_DM_PORT ==> 1
MIG: 17:23:03 : 
MIG: 17:23:03 :  Valid Param: DDR3_USE_ODT_PORT ==> 1
MIG: 17:23:03 :  Invalid Param: DDR3_IS_CLK_SHARED ==> "FALSE"
MIG: 17:23:03 :  Invalid Param: DDR3_PHY_CONTROL_MASTER_BANK ==> 0
MIG: 17:23:03 :  Invalid Param: DDR3_MEM_DENSITY ==> "4Gb"
MIG: 17:23:03 :  Invalid Param: DDR3_MEM_SPEEDGRADE ==> "107E"
MIG: 17:23:03 :  Invalid Param: DDR3_MEM_DEVICE_WIDTH ==> 8
MIG: 17:23:03 :  Invalid Param: DDR3_AL ==> "0"
MIG: 17:23:03 :  Invalid Param: DDR3_nAL ==> 0
MIG: 17:23:03 :  Invalid Param: DDR3_BURST_MODE ==> "8"
MIG: 17:23:03 :  Invalid Param: DDR3_BURST_TYPE ==> "SEQ"
MIG: 17:23:03 :  Invalid Param: DDR3_CL ==> 6
MIG: 17:23:03 :  Invalid Param: DDR3_CWL ==> 5
MIG: 17:23:03 :  Invalid Param: DDR3_OUTPUT_DRV ==> "LOW"
MIG: 17:23:03 :  Invalid Param: DDR3_RTT_NOM ==> "120"
MIG: 17:23:03 :  Invalid Param: DDR3_RTT_WR ==> "OFF"
MIG: 17:23:03 :  Invalid Param: DDR3_ADDR_CMD_MODE ==> "1T"
MIG: 17:23:03 : 
MIG: 17:23:03 :  Valid Param: DDR3_REG_CTRL ==> OFF
MIG: 17:23:03 :  Invalid Param: DDR3_CA_MIRROR ==> "OFF"
MIG: 17:23:03 :  Invalid Param: DDR3_VDD_OP_VOLT ==> "150"
MIG: 17:23:03 :  Invalid Param: DDR3_CLKIN_PERIOD ==> 12500
MIG: 17:23:03 :  Invalid Param: DDR3_CLKFBOUT_MULT ==> 16
MIG: 17:23:03 :  Invalid Param: DDR3_DIVCLK_DIVIDE ==> 1
MIG: 17:23:03 :  Invalid Param: DDR3_CLKOUT0_PHASE ==> 0.0
MIG: 17:23:03 :  Invalid Param: DDR3_CLKOUT0_DIVIDE ==> 2
MIG: 17:23:03 :  Invalid Param: DDR3_CLKOUT1_DIVIDE ==> 4
MIG: 17:23:03 :  Invalid Param: DDR3_CLKOUT2_DIVIDE ==> 64
MIG: 17:23:03 :  Invalid Param: DDR3_CLKOUT3_DIVIDE ==> 8
MIG: 17:23:03 :  Invalid Param: DDR3_MMCM_VCO ==> 640
MIG: 17:23:03 :  Invalid Param: DDR3_MMCM_MULT_F ==> 4
MIG: 17:23:03 :  Invalid Param: DDR3_MMCM_DIVCLK_DIVIDE ==> 1
MIG: 17:23:03 :  Invalid Param: DDR3_tCKE ==> 5000
MIG: 17:23:03 :  Invalid Param: DDR3_tFAW ==> 27000
MIG: 17:23:03 :  Invalid Param: DDR3_tPRDI ==> 1_000_000
MIG: 17:23:03 :  Invalid Param: DDR3_tRAS ==> 34000
MIG: 17:23:03 :  Invalid Param: DDR3_tRCD ==> 13910
MIG: 17:23:03 :  Invalid Param: DDR3_tREFI ==> 7800000
MIG: 17:23:03 :  Invalid Param: DDR3_tRFC ==> 260000
MIG: 17:23:03 :  Invalid Param: DDR3_tRP ==> 13910
MIG: 17:23:03 :  Invalid Param: DDR3_tRRD ==> 5000
MIG: 17:23:03 :  Invalid Param: DDR3_tRTP ==> 7500
MIG: 17:23:03 :  Invalid Param: DDR3_tWTR ==> 7500
MIG: 17:23:03 :  Invalid Param: DDR3_tZQI ==> 128_000_000
MIG: 17:23:03 :  Invalid Param: DDR3_tZQCS ==> 64
MIG: 17:23:03 :  Invalid Param: DDR3_SIM_BYPASS_INIT_CAL ==> "OFF"
MIG: 17:23:03 :  Invalid Param: DDR3_SIMULATION ==> "FALSE"
MIG: 17:23:03 :  Invalid Param: DDR3_BYTE_LANES_B0 ==> 4'b1111
MIG: 17:23:03 :  Invalid Param: DDR3_BYTE_LANES_B1 ==> 4'b0000
MIG: 17:23:03 :  Invalid Param: DDR3_BYTE_LANES_B2 ==> 4'b0000
MIG: 17:23:03 :  Invalid Param: DDR3_BYTE_LANES_B3 ==> 4'b0000
MIG: 17:23:03 :  Invalid Param: DDR3_BYTE_LANES_B4 ==> 4'b0000
MIG: 17:23:03 :  Invalid Param: DDR3_DATA_CTL_B0 ==> 4'b0001
MIG: 17:23:03 :  Invalid Param: DDR3_DATA_CTL_B1 ==> 4'b0000
MIG: 17:23:03 :  Invalid Param: DDR3_DATA_CTL_B2 ==> 4'b0000
MIG: 17:23:03 :  Invalid Param: DDR3_DATA_CTL_B3 ==> 4'b0000
MIG: 17:23:03 :  Invalid Param: DDR3_DATA_CTL_B4 ==> 4'b0000
MIG: 17:23:03 :  Invalid Param: DDR3_PHY_0_BITLANES ==> 48'h3FF_FFF_C20_3FE
MIG: 17:23:03 :  Invalid Param: DDR3_PHY_1_BITLANES ==> 48'h000_000_000_000
MIG: 17:23:03 :  Invalid Param: DDR3_PHY_2_BITLANES ==> 48'h000_000_000_000
MIG: 17:23:03 :  Invalid Param: DDR3_CK_BYTE_MAP ==> 144'h00_00_00_00_00_00_00_00_00_00_00_00_00_00_00_00_00_03
MIG: 17:23:03 :  Invalid Param: DDR3_ADDR_MAP ==> 192'h039_038_037_036_035_034_033_032_031_030_029_028_027_026_02B_02A
MIG: 17:23:03 :  Invalid Param: DDR3_BANK_MAP ==> 36'h025_024_023
MIG: 17:23:03 :  Invalid Param: DDR3_CAS_MAP ==> 12'h021
MIG: 17:23:03 :  Invalid Param: DDR3_CKE_ODT_BYTE_MAP ==> 8'h00
MIG: 17:23:03 :  Invalid Param: DDR3_CKE_MAP ==> 96'h000_000_000_000_000_000_000_01A
MIG: 17:23:03 :  Invalid Param: DDR3_ODT_MAP ==> 96'h000_000_000_000_000_000_000_015
MIG: 17:23:03 :  Invalid Param: DDR3_CS_MAP ==> 120'h000_000_000_000_000_000_000_000_000_01B
MIG: 17:23:03 :  Invalid Param: DDR3_PARITY_MAP ==> 12'h000
MIG: 17:23:03 :  Invalid Param: DDR3_RAS_MAP ==> 12'h022
MIG: 17:23:03 :  Invalid Param: DDR3_WE_MAP ==> 12'h020
MIG: 17:23:03 :  Invalid Param: DDR3_DQS_BYTE_MAP ==> 144'h00_00_00_00_00_00_00_00_00_00_00_00_00_00_00_00_00_00
MIG: 17:23:03 :  Invalid Param: DDR3_DATA0_MAP ==> 96'h001_002_003_004_005_006_007_008
MIG: 17:23:03 :  Invalid Param: DDR3_DATA1_MAP ==> 96'h000_000_000_000_000_000_000_000
MIG: 17:23:03 :  Invalid Param: DDR3_DATA2_MAP ==> 96'h000_000_000_000_000_000_000_000
MIG: 17:23:03 :  Invalid Param: DDR3_DATA3_MAP ==> 96'h000_000_000_000_000_000_000_000
MIG: 17:23:03 :  Invalid Param: DDR3_DATA4_MAP ==> 96'h000_000_000_000_000_000_000_000
MIG: 17:23:03 :  Invalid Param: DDR3_DATA5_MAP ==> 96'h000_000_000_000_000_000_000_000
MIG: 17:23:03 :  Invalid Param: DDR3_DATA6_MAP ==> 96'h000_000_000_000_000_000_000_000
MIG: 17:23:03 :  Invalid Param: DDR3_DATA7_MAP ==> 96'h000_000_000_000_000_000_000_000
MIG: 17:23:03 :  Invalid Param: DDR3_DATA8_MAP ==> 96'h000_000_000_000_000_000_000_000
MIG: 17:23:03 :  Invalid Param: DDR3_DATA9_MAP ==> 96'h000_000_000_000_000_000_000_000
MIG: 17:23:03 :  Invalid Param: DDR3_DATA10_MAP ==> 96'h000_000_000_000_000_000_000_000
MIG: 17:23:03 :  Invalid Param: DDR3_DATA11_MAP ==> 96'h000_000_000_000_000_000_000_000
MIG: 17:23:03 :  Invalid Param: DDR3_DATA12_MAP ==> 96'h000_000_000_000_000_000_000_000
MIG: 17:23:03 :  Invalid Param: DDR3_DATA13_MAP ==> 96'h000_000_000_000_000_000_000_000
MIG: 17:23:03 :  Invalid Param: DDR3_DATA14_MAP ==> 96'h000_000_000_000_000_000_000_000
MIG: 17:23:03 :  Invalid Param: DDR3_DATA15_MAP ==> 96'h000_000_000_000_000_000_000_000
MIG: 17:23:03 :  Invalid Param: DDR3_DATA16_MAP ==> 96'h000_000_000_000_000_000_000_000
MIG: 17:23:03 :  Invalid Param: DDR3_DATA17_MAP ==> 96'h000_000_000_000_000_000_000_000
MIG: 17:23:03 :  Invalid Param: DDR3_MASK0_MAP ==> 108'h000_000_000_000_000_000_000_000_009
MIG: 17:23:03 :  Invalid Param: DDR3_MASK1_MAP ==> 108'h000_000_000_000_000_000_000_000_000
MIG: 17:23:03 :  Invalid Param: DDR3_SLOT_0_CONFIG ==> 8'b0000_0001
MIG: 17:23:03 :  Invalid Param: DDR3_SLOT_1_CONFIG ==> 8'b0000_0000
MIG: 17:23:03 :  Invalid Param: DDR3_IBUF_LPWR_MODE ==> "OFF"
MIG: 17:23:03 :  Invalid Param: DDR3_DATA_IO_IDLE_PWRDWN ==> "ON"
MIG: 17:23:03 :  Invalid Param: DDR3_BANK_TYPE ==> "HR_IO"
MIG: 17:23:03 :  Invalid Param: DDR3_DATA_IO_PRIM_TYPE ==> "HR_LP"
MIG: 17:23:03 :  Invalid Param: DDR3_CKE_ODT_AUX ==> "FALSE"
MIG: 17:23:03 :  Invalid Param: DDR3_USER_REFRESH ==> "OFF"
MIG: 17:23:03 :  Invalid Param: DDR3_WRLVL ==> "ON"
MIG: 17:23:03 :  Invalid Param: DDR3_ORDERING ==> "NORM"
MIG: 17:23:03 :  Invalid Param: DDR3_CALIB_ROW_ADD ==> 16'h0000
MIG: 17:23:03 :  Invalid Param: DDR3_CALIB_COL_ADD ==> 12'h000
MIG: 17:23:03 :  Invalid Param: DDR3_CALIB_BA_ADD ==> 3'h0
MIG: 17:23:03 :  Invalid Param: DDR3_TCQ ==> 100
MIG: 17:23:03 :  Invalid Param: DDR3_IDELAY_ADJ ==> "OFF"
MIG: 17:23:03 :  Invalid Param: DDR3_FINE_PER_BIT ==> "OFF"
MIG: 17:23:03 :  Invalid Param: DDR3_CENTER_COMP_MODE ==> "OFF"
MIG: 17:23:03 :  Invalid Param: DDR3_PI_VAL_ADJ ==> "OFF"
MIG: 17:23:03 :  Invalid Param: DDR3_IODELAY_GRP0 ==> "DDR3_AXI_IF_IODELAY_MIG0"
MIG: 17:23:03 :  Invalid Param: DDR3_IODELAY_GRP1 ==> "DDR3_AXI_IF_IODELAY_MIG1"
MIG: 17:23:03 :  Invalid Param: DDR3_SYSCLK_TYPE ==> "NO_BUFFER"
MIG: 17:23:03 :  Invalid Param: DDR3_REFCLK_TYPE ==> "NO_BUFFER"
MIG: 17:23:03 :  Invalid Param: DDR3_SYS_RST_PORT ==> "FALSE"
MIG: 17:23:03 :  Invalid Param: DDR3_FPGA_SPEED_GRADE ==> 2
MIG: 17:23:03 :  Invalid Param: DDR3_CMD_PIPE_PLUS1 ==> "ON"
MIG: 17:23:03 :  Invalid Param: DDR3_DRAM_TYPE ==> "DDR3"
MIG: 17:23:03 :  Invalid Param: DDR3_CAL_WIDTH ==> "HALF"
MIG: 17:23:03 :  Invalid Param: DDR3_STARVE_LIMIT ==> 2
MIG: 17:23:03 :  Invalid Param: DDR3_REF_CLK_MMCM_IODELAY_CTRL ==> "FALSE"
MIG: 17:23:03 :  Invalid Param: DDR3_REFCLK_FREQ ==> 200.0
MIG: 17:23:03 :  Invalid Param: DDR3_DIFF_TERM_REFCLK ==> "TRUE"
MIG: 17:23:03 :  Invalid Param: DDR3_tCK ==> 3125
MIG: 17:23:03 : 
MIG: 17:23:03 :  Valid Param: DDR3_nCK_PER_CLK ==> 2
MIG: 17:23:03 :  Invalid Param: DDR3_DIFF_TERM_SYSCLK ==> "TRUE"
MIG: 17:23:03 : 
MIG: 17:23:03 :  Valid Param: UI_EXTRA_CLOCKS ==> FALSE
MIG: 17:23:03 : 
MIG: 17:23:03 :  Valid Param: C_S_AXI_ID_WIDTH ==> 4
MIG: 17:23:03 : 1073741824
MIG: 17:23:03 :  Valid Param: C_S_AXI_MEM_SIZE ==> 1073741824
MIG: 17:23:03 : 30
MIG: 17:23:03 :  Valid Param: C_S_AXI_ADDR_WIDTH ==> 30
MIG: 17:23:03 : 
MIG: 17:23:03 :  Valid Param: C_S_AXI_DATA_WIDTH ==> 32
MIG: 17:23:03 :  Invalid Param: DDR3_C_MC_nCK_PER_CLK ==> 2
MIG: 17:23:03 :  Invalid Param: C_S_AXI_SUPPORTS_NARROW_BURST ==> 0
MIG: 17:23:03 :  Invalid Param: DDR3_C_RD_WR_ARB_ALGORITHM ==> "RD_PRI_REG"
MIG: 17:23:03 :  Invalid Param: C_S_AXI_REG_EN0 ==> 20'h00000
MIG: 17:23:03 :  Invalid Param: C_S_AXI_REG_EN1 ==> 20'h00000
MIG: 17:23:03 : 
MIG: 17:23:03 :  Valid Param: C_S_AXI_CTRL_ADDR_WIDTH ==> 32
MIG: 17:23:03 : 
MIG: 17:23:03 :  Valid Param: C_S_AXI_CTRL_DATA_WIDTH ==> 32
MIG: 17:23:03 :  Invalid Param: C_S_AXI_BASEADDR ==> 32'h0000_0000
MIG: 17:23:03 :  Invalid Param: C_ECC_ONOFF_RESET_VALUE ==> 1
MIG: 17:23:03 :  Invalid Param: C_ECC_CE_COUNTER_WIDTH ==> 8
MIG: 17:23:03 : 
MIG: 17:23:03 :  Valid Param: DDR3_DEBUG_PORT ==> OFF
MIG: 17:23:03 : 
MIG: 17:23:03 :  Invalid Param: DDR3_TEMP_MON_CONTROL ==> "INTERNAL"
MIG: 17:23:03 :  Invalid Param: DDR3_FPGA_VOLT_TYPE ==> "N"
MIG: 17:23:03 :  Invalid Param: DDR3_RST_ACT_LOW ==> 1
MIG: 17:23:03 : NOBUF
MIG: 17:23:03 : NOBUF
MIG: 17:23:03 : 
MIG: 17:23:03 : Same Interface
MIG: 17:23:11 : Running synthesis.xit
MIG: 17:23:11 : IGN:     <ModuleName>DDR3_AXI_IF</ModuleName> <==>     <ModuleName>DDR3_AXI_IF</ModuleName> 
MIG: 17:23:11 : IGN:         <InputClkFreq>80</InputClkFreq> <==>         <InputClkFreq>80</InputClkFreq> 
MIG: 17:23:11 : Running vlog_synth_rpr.xit
MIG: 17:23:11 : IGN:     <ModuleName>DDR3_AXI_IF</ModuleName> <==>     <ModuleName>DDR3_AXI_IF</ModuleName> 
MIG: 17:23:11 : IGN:         <InputClkFreq>80</InputClkFreq> <==>         <InputClkFreq>80</InputClkFreq> 
MIG: 17:23:11 : Running simulation.xit
MIG: 17:23:11 : IGN:     <ModuleName>DDR3_AXI_IF</ModuleName> <==>     <ModuleName>DDR3_AXI_IF</ModuleName> 
MIG: 17:23:11 : IGN:         <InputClkFreq>80</InputClkFreq> <==>         <InputClkFreq>80</InputClkFreq> 
MIG: 17:23:12 : Running vlog_sim_rpr.xit .. PRASAD DBG1
MIG: 17:23:12 : IGN:     <ModuleName>DDR3_AXI_IF</ModuleName> <==>     <ModuleName>DDR3_AXI_IF</ModuleName> 
MIG: 17:23:12 : IGN:         <InputClkFreq>80</InputClkFreq> <==>         <InputClkFreq>80</InputClkFreq> 
MIG: 17:23:12 : Running implementation.xit
MIG: 17:23:12 : IGN:     <ModuleName>DDR3_AXI_IF</ModuleName> <==>     <ModuleName>DDR3_AXI_IF</ModuleName> 
MIG: 17:23:12 : IGN:         <InputClkFreq>80</InputClkFreq> <==>         <InputClkFreq>80</InputClkFreq> 
MIG: 15:46:18 : xml_input_file: mig_a.prj
MIG: 15:46:18 : Absolute path of xml_input_file: d:/EugeneS/PR/Vivado/Spartan7_tmc/Spartan7_tmc.srcs/sources_1/ip/DDR3_AXI_IF/mig_a.prj
MIG: 15:46:18 : xml_input_file: mig_a.prj
MIG: 15:46:18 : Absolute path of xml_input_file: d:/EugeneS/PR/Vivado/Spartan7_tmc/Spartan7_tmc.srcs/sources_1/ip/DDR3_AXI_IF/mig_a.prj
MIG: 18:07:41 : xml_input_file: mig_a.prj
MIG: 18:07:41 : Absolute path of xml_input_file: c:/PR/Vivado/tmb_hd_module/Spartan7_tmc.srcs/sources_1/ip/DDR3_AXI_IF/mig_a.prj
MIG: 18:07:41 : xml_input_file: mig_a.prj
MIG: 18:07:41 : Absolute path of xml_input_file: c:/PR/Vivado/tmb_hd_module/Spartan7_tmc.srcs/sources_1/ip/DDR3_AXI_IF/mig_a.prj
MIG: 18:07:41 : In updateAllModelParams
MIG: 18:07:41 : ################# RUNNING MIG BATCH ###################
MIG: 18:07:41 : Writing IN file for 'DDR3_AXI_IF'...compDirPath: c:/APPS/Xilinx/Vivado/2018.2/data/ip/xilinx/mig_7series_v4_1... instDirPath: c:/PR/Vivado/tmb_hd_module/Spartan7_tmc.srcs/sources_1/ip/DDR3_AXI_IF
MIG: 18:07:41 : synp_flow:  -- synthesis_mode: Other
MIG: 18:07:41 : outputDirectory: c:/PR/Vivado/tmb_hd_module/Spartan7_tmc.srcs/sources_1/ip/DDR3_AXI_IF/_tmp/
MIG: 18:07:41 : vivado_mode: xpg_pa
MIG: 18:07:41 :  locked false  
MIG: 18:07:41 : HDL Language: VHDL
MIG: 18:07:41 : compInfo: true
MIG: 18:07:41 : Vivado Options xc7s75 fgga484 -1
MIG: 18:07:41 : 1: xc7s50 2: csga324 3: -2
MIG: 18:07:41 : relative mig path: coregen/ip/xilinx/other/com/xilinx/ip/mig_7series_v4_1/bin/nt64/mig.exe
MIG: 18:07:41 : xilinx_path: C:/APPS/Xilinx/Vivado/2018.2/ids_lite/ISE
MIG: 18:07:41 : I am in catch area
MIG: 18:07:41 : Running C:/APPS/Xilinx/Vivado/2018.2/ids_lite/ISE/coregen/ip/xilinx/other/com/xilinx/ip/mig_7series_v4_1/bin/nt64/mig.exe -cg_exc_inp c:/PR/Vivado/tmb_hd_module/Spartan7_tmc.srcs/sources_1/ip/DDR3_AXI_IF/xil_txt.in -cg_exc_out c:/PR/Vivado/tmb_hd_module/Spartan7_tmc.srcs/sources_1/ip/DDR3_AXI_IF/xil_txt.out ... 
MIG: 18:07:49 : XML_INPUT_FILE: c:/PR/Vivado/tmb_hd_module/Spartan7_tmc.srcs/sources_1/ip/DDR3_AXI_IF/mig_a.prj
MIG: 18:07:49 : Component_Name: DDR3_AXI_IF
MIG: 18:07:49 : Moving log.txt ...
MIG: 18:07:49 : XGUI hdlLanguage: VHDL
MIG: 18:07:49 : xgui vivado_mode: xpg_pa
MIG: 18:07:49 : xgui hdlLanguage: VHDL -- hdlExt: vhd
MIG: 18:07:49 : Unreadable C:/PR/Vivado/tmb_hd_module/Spartan7_tmc.srcs/sources_1/ip/DDR3_AXI_IF/DDR3_AXI_IF/user_design/rtl/DDR3_AXI_IF_mig.vhd ...
MIG: 18:07:50 : ################# RUNNING MIG BATCH ###################
MIG: 18:07:50 : Writing IN file for 'DDR3_AXI_IF'...compDirPath: c:/APPS/Xilinx/Vivado/2018.2/data/ip/xilinx/mig_7series_v4_1... instDirPath: c:/PR/Vivado/tmb_hd_module/Spartan7_tmc.srcs/sources_1/ip/DDR3_AXI_IF
MIG: 18:07:50 : synp_flow:  -- synthesis_mode: Other
MIG: 18:07:50 : outputDirectory: c:/PR/Vivado/tmb_hd_module/Spartan7_tmc.srcs/sources_1/ip/DDR3_AXI_IF/_tmp/
MIG: 18:07:50 : vivado_mode: xpg_pa
MIG: 18:07:50 :  locked false  
MIG: 18:07:50 : HDL Language: VHDL
MIG: 18:07:50 : compInfo: false
MIG: 18:07:50 : Vivado Options xc7s75 fgga484 -1
MIG: 18:07:50 : 1: xc7s50 2: csga324 3: -2
MIG: 18:07:50 : relative mig path: coregen/ip/xilinx/other/com/xilinx/ip/mig_7series_v4_1/bin/nt64/mig.exe
MIG: 18:07:50 : xilinx_path: C:/APPS/Xilinx/Vivado/2018.2/ids_lite/ISE
MIG: 18:07:50 : I am in catch area
MIG: 18:07:50 : Running C:/APPS/Xilinx/Vivado/2018.2/ids_lite/ISE/coregen/ip/xilinx/other/com/xilinx/ip/mig_7series_v4_1/bin/nt64/mig.exe -cg_exc_inp c:/PR/Vivado/tmb_hd_module/Spartan7_tmc.srcs/sources_1/ip/DDR3_AXI_IF/xil_txt.in -cg_exc_out c:/PR/Vivado/tmb_hd_module/Spartan7_tmc.srcs/sources_1/ip/DDR3_AXI_IF/xil_txt.out ... 
MIG: 18:07:54 : XML_INPUT_FILE: c:/PR/Vivado/tmb_hd_module/Spartan7_tmc.srcs/sources_1/ip/DDR3_AXI_IF/mig_a.prj
MIG: 18:07:54 : Component_Name: DDR3_AXI_IF
MIG: 18:07:54 : Moving log.txt ...
MIG: 18:07:54 : xml_input_file: mig_a.prj
MIG: 18:07:54 : Absolute path of xml_input_file: c:/PR/Vivado/tmb_hd_module/Spartan7_tmc.srcs/sources_1/ip/DDR3_AXI_IF/mig_a.prj
MIG: 18:07:54 : In updateAllModelParams
MIG: 18:07:54 : ################# RUNNING MIG BATCH ###################
MIG: 18:07:55 : Writing IN file for 'DDR3_AXI_IF'...compDirPath: c:/APPS/Xilinx/Vivado/2018.2/data/ip/xilinx/mig_7series_v4_1... instDirPath: c:/PR/Vivado/tmb_hd_module/Spartan7_tmc.srcs/sources_1/ip/DDR3_AXI_IF
MIG: 18:07:55 : synp_flow:  -- synthesis_mode: Other
MIG: 18:07:55 : outputDirectory: c:/PR/Vivado/tmb_hd_module/Spartan7_tmc.srcs/sources_1/ip/DDR3_AXI_IF/_tmp/
MIG: 18:07:55 : vivado_mode: xpg_pa
MIG: 18:07:55 :  locked false  
MIG: 18:07:55 : HDL Language: VHDL
MIG: 18:07:55 : compInfo: true
MIG: 18:07:55 : Vivado Options xc7s75 fgga484 -1
MIG: 18:07:55 : 1: xc7s50 2: csga324 3: -2
MIG: 18:07:55 : relative mig path: coregen/ip/xilinx/other/com/xilinx/ip/mig_7series_v4_1/bin/nt64/mig.exe
MIG: 18:07:55 : xilinx_path: C:/APPS/Xilinx/Vivado/2018.2/ids_lite/ISE
MIG: 18:07:55 : I am in catch area
MIG: 18:07:55 : Running C:/APPS/Xilinx/Vivado/2018.2/ids_lite/ISE/coregen/ip/xilinx/other/com/xilinx/ip/mig_7series_v4_1/bin/nt64/mig.exe -cg_exc_inp c:/PR/Vivado/tmb_hd_module/Spartan7_tmc.srcs/sources_1/ip/DDR3_AXI_IF/xil_txt.in -cg_exc_out c:/PR/Vivado/tmb_hd_module/Spartan7_tmc.srcs/sources_1/ip/DDR3_AXI_IF/xil_txt.out ... 
MIG: 18:07:59 : XML_INPUT_FILE: c:/PR/Vivado/tmb_hd_module/Spartan7_tmc.srcs/sources_1/ip/DDR3_AXI_IF/mig_a.prj
MIG: 18:07:59 : Component_Name: DDR3_AXI_IF
MIG: 18:07:59 : Moving log.txt ...
MIG: 18:07:59 : XGUI hdlLanguage: VHDL
MIG: 18:07:59 : xgui vivado_mode: xpg_pa
MIG: 18:07:59 : xgui hdlLanguage: VHDL -- hdlExt: vhd
MIG: 18:07:59 : Unreadable C:/PR/Vivado/tmb_hd_module/Spartan7_tmc.srcs/sources_1/ip/DDR3_AXI_IF/DDR3_AXI_IF/user_design/rtl/DDR3_AXI_IF_mig.vhd ...
MIG: 18:08:50 : Running customizer.xit
MIG: 18:08:50 : ################# RUNNING MIG INTERACTIVE ###################
MIG: 18:08:50 : Writing IN file for 'DDR3_AXI_IF'...compDirPath: c:/APPS/Xilinx/Vivado/2018.2/data/ip/xilinx/mig_7series_v4_1... instDirPath: c:/Users/310268386/AppData/Roaming/Xilinx/Vivado/.Xil/Vivado-4628-YY529462/coregen/DDR3_AXI_IF
MIG: 18:08:50 : synp_flow:  -- synthesis_mode: Other
MIG: 18:08:50 : outputDirectory: c:/Users/310268386/AppData/Roaming/Xilinx/Vivado/.Xil/Vivado-4628-YY529462/coregen/DDR3_AXI_IF/_tmp/
MIG: 18:08:50 : vivado_mode: xpg_pa
MIG: 18:08:50 :  locked false  
MIG: 18:08:50 : HDL Language: VHDL
MIG: 18:08:50 : compInfo: false
MIG: 18:08:50 : Vivado Options xc7s75 fgga484 -1
MIG: 18:08:50 : 1: xc7s50 2: csga324 3: -2
MIG: 18:08:50 : relative mig path: coregen/ip/xilinx/other/com/xilinx/ip/mig_7series_v4_1/bin/nt64/mig.exe
MIG: 18:08:50 : xilinx_path: C:/APPS/Xilinx/Vivado/2018.2/ids_lite/ISE
MIG: 18:08:50 : I am in catch area
MIG: 18:08:50 : Running C:/APPS/Xilinx/Vivado/2018.2/ids_lite/ISE/coregen/ip/xilinx/other/com/xilinx/ip/mig_7series_v4_1/bin/nt64/mig.exe -cg_exc_inp c:/Users/310268386/AppData/Roaming/Xilinx/Vivado/.Xil/Vivado-4628-YY529462/coregen/DDR3_AXI_IF/xil_txt.in -cg_exc_out c:/Users/310268386/AppData/Roaming/Xilinx/Vivado/.Xil/Vivado-4628-YY529462/coregen/DDR3_AXI_IF/xil_txt.out ... 
MIG: 18:18:01 : Prasad before: xmlPropertyPrj -- mig_a.prj
MIG: 18:18:01 : Prasad After: xmlPropertyPrj -- mig_b.prj
MIG: 18:18:01 : XML_INPUT_FILE: c:/Users/310268386/AppData/Roaming/Xilinx/Vivado/.Xil/Vivado-4628-YY529462/coregen/DDR3_AXI_IF/mig_b.prj
MIG: 18:18:01 : Component_Name: DDR3_AXI_IF
MIG: 18:18:01 : Moving DDR3_AXI_IF ...
MIG: 18:18:01 : Moving DDR3_AXI_IF.vho ...
MIG: 18:18:01 : Moving DDR3_AXI_IF_xmdf.tcl ...
MIG: 18:18:01 : Sending back 0
MIG: 18:18:02 : xml_input_file: mig_b.prj
MIG: 18:18:02 : Absolute path of xml_input_file: c:/PR/Vivado/tmb_hd_module/Spartan7_tmc.srcs/sources_1/ip/DDR3_AXI_IF/mig_b.prj
MIG: 18:18:02 : xml_input_file: mig_b.prj
MIG: 18:18:02 : Absolute path of xml_input_file: c:/PR/Vivado/tmb_hd_module/Spartan7_tmc.srcs/sources_1/ip/DDR3_AXI_IF/mig_b.prj
MIG: 18:18:02 : In updateAllModelParams
MIG: 18:18:02 : IGN:     <ModuleName>DDR3_AXI_IF</ModuleName> <==>     <ModuleName>DDR3_AXI_IF</ModuleName> 
MIG: 18:18:02 : IGN:         <InputClkFreq>199.995</InputClkFreq> <==>         <InputClkFreq>199.995</InputClkFreq> 
MIG: 18:18:02 : XGUI hdlLanguage: VHDL
MIG: 18:18:02 : xgui vivado_mode: xpg_pa
MIG: 18:18:02 : xgui hdlLanguage: VHDL -- hdlExt: vhd
MIG: 18:18:02 : Reading C:/PR/Vivado/tmb_hd_module/Spartan7_tmc.srcs/sources_1/ip/DDR3_AXI_IF/DDR3_AXI_IF/user_design/rtl/DDR3_AXI_IF_mig.vhd ...
MIG: 18:18:02 : 1
MIG: 18:18:02 : Inside fn mem: DDR3
MIG: 18:18:02 : detect_uiclk: 162495938
MIG: 18:18:02 : cntrl:  memtype: DDR3
MIG: 18:18:02 : 649
MIG: 18:18:02 :  MMCM_VCO single ctrl param_name: MMCM_VCO --  possibleMaxVcoVal: 649 
MIG: 18:18:02 : 
MIG: 18:18:02 : 
MIG: 18:18:02 : 162495938
MIG: 18:18:02 : 
MIG: 18:18:02 :  polarity_value: 1
MIG: 18:18:02 : 
MIG: 18:18:02 : 
MIG: 18:18:02 : cntrl:  memtype: DDR3
MIG: 18:18:02 : 
MIG: 18:18:02 :  Valid Param: DDR3_BANK_WIDTH ==> 3
MIG: 18:18:02 : 
MIG: 18:18:02 :  Valid Param: DDR3_CK_WIDTH ==> 1
MIG: 18:18:02 :  Invalid Param: DDR3_COL_WIDTH ==> 11
MIG: 18:18:02 : 
MIG: 18:18:02 :  Valid Param: DDR3_CS_WIDTH ==> 1
MIG: 18:18:02 : 
MIG: 18:18:02 :  Valid Param: DDR3_nCS_PER_RANK ==> 1
MIG: 18:18:02 : 
MIG: 18:18:02 :  Valid Param: DDR3_CKE_WIDTH ==> 1
MIG: 18:18:02 :  Invalid Param: DDR3_DATA_BUF_ADDR_WIDTH ==> 4
MIG: 18:18:02 :  Invalid Param: DDR3_DQ_CNT_WIDTH ==> 3
MIG: 18:18:02 :  Invalid Param: DDR3_DQ_PER_DM ==> 8
MIG: 18:18:02 : 
MIG: 18:18:02 :  Valid Param: DDR3_DM_WIDTH ==> 1
MIG: 18:18:02 : 
MIG: 18:18:02 :  Valid Param: DDR3_DQ_WIDTH ==> 8
MIG: 18:18:02 : 
MIG: 18:18:02 :  Valid Param: DDR3_DQS_WIDTH ==> 1
MIG: 18:18:02 : 
MIG: 18:18:02 :  Valid Param: DDR3_DQS_CNT_WIDTH ==> 1
MIG: 18:18:02 :  Invalid Param: DDR3_DRAM_WIDTH ==> 8
MIG: 18:18:02 : 
MIG: 18:18:02 :  Valid Param: ECC ==> OFF
MIG: 18:18:02 :  Invalid Param: ECC_TEST ==> "OFF"
MIG: 18:18:02 : 
MIG: 18:18:02 :  Valid Param: DDR3_DATA_WIDTH ==> 8
MIG: 18:18:02 :  Invalid Param: DDR3_PAYLOAD_WIDTH ==> 8
MIG: 18:18:02 :  Invalid Param: DDR3_MEM_ADDR_ORDER ==> "BANK_ROW_COLUMN"
MIG: 18:18:02 :  Invalid Param: DDR3_nBANK_MACHS ==> 4
MIG: 18:18:02 :  Invalid Param: DDR3_RANKS ==> 1
MIG: 18:18:02 : 
MIG: 18:18:02 :  Valid Param: DDR3_ODT_WIDTH ==> 1
MIG: 18:18:02 : 16
MIG: 18:18:02 :  Valid Param: DDR3_ROW_WIDTH ==> 16
MIG: 18:18:02 : 31
MIG: 18:18:02 :  Valid Param: DDR3_ADDR_WIDTH ==> 31
MIG: 18:18:02 : 
MIG: 18:18:02 :  Valid Param: DDR3_USE_CS_PORT ==> 1
MIG: 18:18:02 : 
MIG: 18:18:02 :  Valid Param: DDR3_USE_DM_PORT ==> 1
MIG: 18:18:02 : 
MIG: 18:18:02 :  Valid Param: DDR3_USE_ODT_PORT ==> 1
MIG: 18:18:02 :  Invalid Param: DDR3_PHY_CONTROL_MASTER_BANK ==> 0
MIG: 18:18:02 :  Invalid Param: DDR3_MEM_DENSITY ==> "4Gb"
MIG: 18:18:02 :  Invalid Param: DDR3_MEM_SPEEDGRADE ==> "107E"
MIG: 18:18:02 :  Invalid Param: DDR3_MEM_DEVICE_WIDTH ==> 8
MIG: 18:18:02 :  Invalid Param: DDR3_AL ==> "0"
MIG: 18:18:02 :  Invalid Param: DDR3_nAL ==> 0
MIG: 18:18:02 :  Invalid Param: DDR3_BURST_MODE ==> "8"
MIG: 18:18:02 :  Invalid Param: DDR3_BURST_TYPE ==> "SEQ"
MIG: 18:18:02 :  Invalid Param: DDR3_CL ==> 6
MIG: 18:18:02 :  Invalid Param: DDR3_CWL ==> 5
MIG: 18:18:02 :  Invalid Param: DDR3_OUTPUT_DRV ==> "LOW"
MIG: 18:18:02 :  Invalid Param: DDR3_RTT_NOM ==> "120"
MIG: 18:18:02 :  Invalid Param: DDR3_RTT_WR ==> "OFF"
MIG: 18:18:02 :  Invalid Param: DDR3_ADDR_CMD_MODE ==> "1T"
MIG: 18:18:02 : 
MIG: 18:18:02 :  Valid Param: DDR3_REG_CTRL ==> OFF
MIG: 18:18:02 :  Invalid Param: DDR3_CA_MIRROR ==> "OFF"
MIG: 18:18:02 :  Invalid Param: DDR3_VDD_OP_VOLT ==> "150"
MIG: 18:18:02 :  Invalid Param: DDR3_CLKIN_PERIOD ==> 5000
MIG: 18:18:02 :  Invalid Param: DDR3_CLKFBOUT_MULT ==> 13
MIG: 18:18:02 :  Invalid Param: DDR3_DIVCLK_DIVIDE ==> 2
MIG: 18:18:02 :  Invalid Param: DDR3_CLKOUT0_PHASE ==> 0.0
MIG: 18:18:02 :  Invalid Param: DDR3_CLKOUT0_DIVIDE ==> 2
MIG: 18:18:02 :  Invalid Param: DDR3_CLKOUT1_DIVIDE ==> 4
MIG: 18:18:02 :  Invalid Param: DDR3_CLKOUT2_DIVIDE ==> 64
MIG: 18:18:02 :  Invalid Param: DDR3_CLKOUT3_DIVIDE ==> 8
MIG: 18:18:02 :  Invalid Param: DDR3_MMCM_VCO ==> 649
MIG: 18:18:02 :  Invalid Param: DDR3_MMCM_MULT_F ==> 4
MIG: 18:18:02 :  Invalid Param: DDR3_MMCM_DIVCLK_DIVIDE ==> 1
MIG: 18:18:02 :  Invalid Param: DDR3_tCKE ==> 5000
MIG: 18:18:02 :  Invalid Param: DDR3_tFAW ==> 27000
MIG: 18:18:02 :  Invalid Param: DDR3_tPRDI ==> 1000000
MIG: 18:18:02 :  Invalid Param: DDR3_tRAS ==> 34000
MIG: 18:18:02 :  Invalid Param: DDR3_tRCD ==> 13910
MIG: 18:18:02 :  Invalid Param: DDR3_tREFI ==> 7800000
MIG: 18:18:02 :  Invalid Param: DDR3_tRFC ==> 260000
MIG: 18:18:02 :  Invalid Param: DDR3_tRP ==> 13910
MIG: 18:18:02 :  Invalid Param: DDR3_tRRD ==> 5000
MIG: 18:18:02 :  Invalid Param: DDR3_tRTP ==> 7500
MIG: 18:18:02 :  Invalid Param: DDR3_tWTR ==> 7500
MIG: 18:18:02 :  Invalid Param: DDR3_tZQI ==> 128000000
MIG: 18:18:02 :  Invalid Param: DDR3_tZQCS ==> 64
MIG: 18:18:02 :  Invalid Param: DDR3_SIM_BYPASS_INIT_CAL ==> "OFF"
MIG: 18:18:02 :  Invalid Param: DDR3_SIMULATION ==> "FALSE"
MIG: 18:18:02 :  Invalid Param: DDR3_BYTE_LANES_B0 ==> "1111"
MIG: 18:18:02 :  Invalid Param: DDR3_BYTE_LANES_B1 ==> "0000"
MIG: 18:18:02 :  Invalid Param: DDR3_BYTE_LANES_B2 ==> "0000"
MIG: 18:18:02 :  Invalid Param: DDR3_BYTE_LANES_B3 ==> "0000"
MIG: 18:18:02 :  Invalid Param: DDR3_BYTE_LANES_B4 ==> "0000"
MIG: 18:18:02 :  Invalid Param: DDR3_DATA_CTL_B0 ==> "0001"
MIG: 18:18:02 :  Invalid Param: DDR3_DATA_CTL_B1 ==> "0000"
MIG: 18:18:02 :  Invalid Param: DDR3_DATA_CTL_B2 ==> "0000"
MIG: 18:18:02 :  Invalid Param: DDR3_DATA_CTL_B3 ==> "0000"
MIG: 18:18:02 :  Invalid Param: DDR3_DATA_CTL_B4 ==> "0000"
MIG: 18:18:02 :  Invalid Param: DDR3_PHY_0_BITLANES ==> X"3FFFFFC203FE"
MIG: 18:18:02 :  Invalid Param: DDR3_PHY_1_BITLANES ==> X"000000000000"
MIG: 18:18:02 :  Invalid Param: DDR3_PHY_2_BITLANES ==> X"000000000000"
MIG: 18:18:02 :  Invalid Param: DDR3_CK_BYTE_MAP ==> X"000000000000000000000000000000000003"
MIG: 18:18:02 :  Invalid Param: DDR3_ADDR_MAP ==> X"03903803703603503403303203103002902802702602B02A"
MIG: 18:18:02 :  Invalid Param: DDR3_BANK_MAP ==> X"025024023"
MIG: 18:18:02 :  Invalid Param: DDR3_CAS_MAP ==> X"021"
MIG: 18:18:02 :  Invalid Param: DDR3_CKE_ODT_BYTE_MAP ==> X"00"
MIG: 18:18:02 :  Invalid Param: DDR3_CKE_MAP ==> X"00000000000000000000001A"
MIG: 18:18:02 :  Invalid Param: DDR3_ODT_MAP ==> X"000000000000000000000015"
MIG: 18:18:02 :  Invalid Param: DDR3_CS_MAP ==> X"00000000000000000000000000001B"
MIG: 18:18:02 :  Invalid Param: DDR3_PARITY_MAP ==> X"000"
MIG: 18:18:02 :  Invalid Param: DDR3_RAS_MAP ==> X"022"
MIG: 18:18:02 :  Invalid Param: DDR3_WE_MAP ==> X"020"
MIG: 18:18:02 :  Invalid Param: DDR3_DQS_BYTE_MAP ==> X"000000000000000000000000000000000000"
MIG: 18:18:02 :  Invalid Param: DDR3_DATA0_MAP ==> X"001002003004005006007008"
MIG: 18:18:02 :  Invalid Param: DDR3_DATA1_MAP ==> X"000000000000000000000000"
MIG: 18:18:02 :  Invalid Param: DDR3_DATA2_MAP ==> X"000000000000000000000000"
MIG: 18:18:02 :  Invalid Param: DDR3_DATA3_MAP ==> X"000000000000000000000000"
MIG: 18:18:02 :  Invalid Param: DDR3_DATA4_MAP ==> X"000000000000000000000000"
MIG: 18:18:02 :  Invalid Param: DDR3_DATA5_MAP ==> X"000000000000000000000000"
MIG: 18:18:02 :  Invalid Param: DDR3_DATA6_MAP ==> X"000000000000000000000000"
MIG: 18:18:02 :  Invalid Param: DDR3_DATA7_MAP ==> X"000000000000000000000000"
MIG: 18:18:02 :  Invalid Param: DDR3_DATA8_MAP ==> X"000000000000000000000000"
MIG: 18:18:02 :  Invalid Param: DDR3_DATA9_MAP ==> X"000000000000000000000000"
MIG: 18:18:02 :  Invalid Param: DDR3_DATA10_MAP ==> X"000000000000000000000000"
MIG: 18:18:02 :  Invalid Param: DDR3_DATA11_MAP ==> X"000000000000000000000000"
MIG: 18:18:02 :  Invalid Param: DDR3_DATA12_MAP ==> X"000000000000000000000000"
MIG: 18:18:02 :  Invalid Param: DDR3_DATA13_MAP ==> X"000000000000000000000000"
MIG: 18:18:02 :  Invalid Param: DDR3_DATA14_MAP ==> X"000000000000000000000000"
MIG: 18:18:02 :  Invalid Param: DDR3_DATA15_MAP ==> X"000000000000000000000000"
MIG: 18:18:02 :  Invalid Param: DDR3_DATA16_MAP ==> X"000000000000000000000000"
MIG: 18:18:02 :  Invalid Param: DDR3_DATA17_MAP ==> X"000000000000000000000000"
MIG: 18:18:02 :  Invalid Param: DDR3_MASK0_MAP ==> X"000000000000000000000000009"
MIG: 18:18:02 :  Invalid Param: DDR3_MASK1_MAP ==> X"000000000000000000000000000"
MIG: 18:18:02 :  Invalid Param: DDR3_SLOT_0_CONFIG ==> "00000001"
MIG: 18:18:02 :  Invalid Param: DDR3_SLOT_1_CONFIG ==> "00000000"
MIG: 18:18:02 :  Invalid Param: DDR3_IBUF_LPWR_MODE ==> "OFF"
MIG: 18:18:02 :  Invalid Param: DDR3_DATA_IO_IDLE_PWRDWN ==> "ON"
MIG: 18:18:02 :  Invalid Param: DDR3_BANK_TYPE ==> "HR_IO"
MIG: 18:18:02 :  Invalid Param: DDR3_DATA_IO_PRIM_TYPE ==> "HR_LP"
MIG: 18:18:02 :  Invalid Param: DDR3_CKE_ODT_AUX ==> "FALSE"
MIG: 18:18:02 :  Invalid Param: DDR3_USER_REFRESH ==> "OFF"
MIG: 18:18:02 :  Invalid Param: DDR3_WRLVL ==> "ON"
MIG: 18:18:02 :  Invalid Param: DDR3_ORDERING ==> "NORM"
MIG: 18:18:02 :  Invalid Param: DDR3_CALIB_ROW_ADD ==> X"0000"
MIG: 18:18:02 :  Invalid Param: DDR3_CALIB_COL_ADD ==> X"000"
MIG: 18:18:02 :  Invalid Param: DDR3_CALIB_BA_ADD ==> "000"
MIG: 18:18:02 :  Invalid Param: DDR3_TCQ ==> 100
MIG: 18:18:02 :  Invalid Param: DDR3_IDELAY_ADJ ==> "OFF"
MIG: 18:18:02 :  Invalid Param: DDR3_FINE_PER_BIT ==> "OFF"
MIG: 18:18:02 :  Invalid Param: DDR3_CENTER_COMP_MODE ==> "OFF"
MIG: 18:18:02 :  Invalid Param: DDR3_PI_VAL_ADJ ==> "OFF"
MIG: 18:18:02 :  Invalid Param: DDR3_IODELAY_GRP0 ==> "DDR3_AXI_IF_IODELAY_MIG0"
MIG: 18:18:02 :  Invalid Param: DDR3_IODELAY_GRP1 ==> "DDR3_AXI_IF_IODELAY_MIG1"
MIG: 18:18:02 :  Invalid Param: DDR3_SYSCLK_TYPE ==> "NO_BUFFER"
MIG: 18:18:02 :  Invalid Param: DDR3_REFCLK_TYPE ==> "NO_BUFFER"
MIG: 18:18:02 :  Invalid Param: DDR3_SYS_RST_PORT ==> "FALSE"
MIG: 18:18:02 :  Invalid Param: DDR3_FPGA_SPEED_GRADE ==> 1
MIG: 18:18:02 :  Invalid Param: DDR3_CMD_PIPE_PLUS1 ==> "ON"
MIG: 18:18:02 :  Invalid Param: DDR3_DRAM_TYPE ==> "DDR3"
MIG: 18:18:02 :  Invalid Param: DDR3_CAL_WIDTH ==> "HALF"
MIG: 18:18:02 :  Invalid Param: DDR3_STARVE_LIMIT ==> 2
MIG: 18:18:02 :  Invalid Param: DDR3_REF_CLK_MMCM_IODELAY_CTRL ==> "FALSE"
MIG: 18:18:02 :  Invalid Param: DDR3_REFCLK_FREQ ==> 200.0
MIG: 18:18:02 :  Invalid Param: DDR3_DIFF_TERM_REFCLK ==> "TRUE"
MIG: 18:18:02 :  Invalid Param: DDR3_tCK ==> 3077
MIG: 18:18:02 : 
MIG: 18:18:02 :  Valid Param: DDR3_nCK_PER_CLK ==> 2
MIG: 18:18:02 :  Invalid Param: DDR3_DIFF_TERM_SYSCLK ==> "TRUE"
MIG: 18:18:02 : 
MIG: 18:18:02 :  Valid Param: DDR3_DEBUG_PORT ==> OFF
MIG: 18:18:02 : 
MIG: 18:18:02 :  Invalid Param: DDR3_TEMP_MON_CONTROL ==> "INTERNAL"
MIG: 18:18:02 :  Invalid Param: DDR3_FPGA_VOLT_TYPE ==> "N"
MIG: 18:18:02 :  Invalid Param: DDR3_RST_ACT_LOW ==> 1
MIG: 18:18:02 : NOBUF
MIG: 18:18:02 : NOBUF
MIG: 18:18:02 : 
MIG: 18:18:02 : Same Interface
MIG: 18:18:21 : Running synthesis.xit
MIG: 18:18:21 : IGN:     <ModuleName>DDR3_AXI_IF</ModuleName> <==>     <ModuleName>DDR3_AXI_IF</ModuleName> 
MIG: 18:18:21 : IGN:         <InputClkFreq>199.995</InputClkFreq> <==>         <InputClkFreq>199.995</InputClkFreq> 
MIG: 18:18:21 : Running vhdl_synth_rpr.xit
MIG: 18:18:21 : IGN:     <ModuleName>DDR3_AXI_IF</ModuleName> <==>     <ModuleName>DDR3_AXI_IF</ModuleName> 
MIG: 18:18:21 : IGN:         <InputClkFreq>199.995</InputClkFreq> <==>         <InputClkFreq>199.995</InputClkFreq> 
MIG: 18:18:22 : Running simulation.xit
MIG: 18:18:22 : IGN:     <ModuleName>DDR3_AXI_IF</ModuleName> <==>     <ModuleName>DDR3_AXI_IF</ModuleName> 
MIG: 18:18:22 : IGN:         <InputClkFreq>199.995</InputClkFreq> <==>         <InputClkFreq>199.995</InputClkFreq> 
MIG: 18:18:22 : Running vhdl_sim_rpr.xit
MIG: 18:18:22 : IGN:     <ModuleName>DDR3_AXI_IF</ModuleName> <==>     <ModuleName>DDR3_AXI_IF</ModuleName> 
MIG: 18:18:22 : IGN:         <InputClkFreq>199.995</InputClkFreq> <==>         <InputClkFreq>199.995</InputClkFreq> 
MIG: 18:18:22 : Running implementation.xit
MIG: 18:18:22 : IGN:     <ModuleName>DDR3_AXI_IF</ModuleName> <==>     <ModuleName>DDR3_AXI_IF</ModuleName> 
MIG: 18:18:22 : IGN:         <InputClkFreq>199.995</InputClkFreq> <==>         <InputClkFreq>199.995</InputClkFreq> 
MIG: 09:54:44 : xml_input_file: mig_b.prj
MIG: 09:54:44 : Absolute path of xml_input_file: c:/PR/Vivado/tmb_hd_module/Spartan7_tmc.srcs/sources_1/ip/DDR3_AXI_IF/mig_b.prj
MIG: 09:54:44 : xml_input_file: mig_b.prj
MIG: 09:54:44 : Absolute path of xml_input_file: c:/PR/Vivado/tmb_hd_module/Spartan7_tmc.srcs/sources_1/ip/DDR3_AXI_IF/mig_b.prj
MIG: 10:06:17 : ################# RUNNING MIG BATCH ###################
MIG: 10:06:17 : Writing IN file for 'DDR3_AXI_IF'...compDirPath: c:/APPS/Xilinx/Vivado/2018.2/data/ip/xilinx/mig_7series_v4_1... instDirPath: c:/PR/Vivado/tmb_hd_module/Spartan7_tmc.srcs/sources_1/ip/DDR3_AXI_IF
MIG: 10:06:17 : synp_flow:  -- synthesis_mode: Other
MIG: 10:06:17 : outputDirectory: c:/PR/Vivado/tmb_hd_module/Spartan7_tmc.srcs/sources_1/ip/DDR3_AXI_IF/_tmp/
MIG: 10:06:17 : vivado_mode: xpg_pa
MIG: 10:06:17 :  locked false  
MIG: 10:06:17 : HDL Language: Verilog
MIG: 10:06:17 : compInfo: false
MIG: 10:06:17 : Vivado Options xc7s75 fgga484 -1
MIG: 10:06:17 : 1: xc7s75 2: fgga484 3: -1
MIG: 10:06:17 : relative mig path: coregen/ip/xilinx/other/com/xilinx/ip/mig_7series_v4_1/bin/nt64/mig.exe
MIG: 10:06:17 : xilinx_path: C:/APPS/Xilinx/Vivado/2018.2/ids_lite/ISE
MIG: 10:06:17 : I am in catch area
MIG: 10:06:17 : Running C:/APPS/Xilinx/Vivado/2018.2/ids_lite/ISE/coregen/ip/xilinx/other/com/xilinx/ip/mig_7series_v4_1/bin/nt64/mig.exe -cg_exc_inp c:/PR/Vivado/tmb_hd_module/Spartan7_tmc.srcs/sources_1/ip/DDR3_AXI_IF/xil_txt.in -cg_exc_out c:/PR/Vivado/tmb_hd_module/Spartan7_tmc.srcs/sources_1/ip/DDR3_AXI_IF/xil_txt.out ... 
MIG: 10:06:25 : XML_INPUT_FILE: c:/PR/Vivado/tmb_hd_module/Spartan7_tmc.srcs/sources_1/ip/DDR3_AXI_IF/mig_b.prj
MIG: 10:06:25 : Component_Name: DDR3_AXI_IF
MIG: 10:06:25 : Moving DDR3_AXI_IF ...
MIG: 10:06:25 : Moving DDR3_AXI_IF.veo ...
MIG: 10:06:25 : Moving DDR3_AXI_IF_xmdf.tcl ...
MIG: 10:06:25 : Running synthesis.xit
MIG: 10:06:25 : IGN:     <ModuleName>DDR3_AXI_IF</ModuleName> <==>     <ModuleName>DDR3_AXI_IF</ModuleName> 
MIG: 10:06:25 : IGN:         <InputClkFreq>199.995</InputClkFreq> <==>         <InputClkFreq>199.995</InputClkFreq> 
MIG: 10:06:25 : Running vlog_synth_rpr.xit
MIG: 10:06:26 : IGN:     <ModuleName>DDR3_AXI_IF</ModuleName> <==>     <ModuleName>DDR3_AXI_IF</ModuleName> 
MIG: 10:06:26 : IGN:         <InputClkFreq>199.995</InputClkFreq> <==>         <InputClkFreq>199.995</InputClkFreq> 
MIG: 10:06:26 : Running simulation.xit
MIG: 10:06:26 : IGN:     <ModuleName>DDR3_AXI_IF</ModuleName> <==>     <ModuleName>DDR3_AXI_IF</ModuleName> 
MIG: 10:06:26 : IGN:         <InputClkFreq>199.995</InputClkFreq> <==>         <InputClkFreq>199.995</InputClkFreq> 
MIG: 10:06:26 : Running vlog_sim_rpr.xit .. PRASAD DBG1
MIG: 10:06:26 : IGN:     <ModuleName>DDR3_AXI_IF</ModuleName> <==>     <ModuleName>DDR3_AXI_IF</ModuleName> 
MIG: 10:06:26 : IGN:         <InputClkFreq>199.995</InputClkFreq> <==>         <InputClkFreq>199.995</InputClkFreq> 
MIG: 10:06:27 : Running implementation.xit
MIG: 10:06:27 : IGN:     <ModuleName>DDR3_AXI_IF</ModuleName> <==>     <ModuleName>DDR3_AXI_IF</ModuleName> 
MIG: 10:06:27 : IGN:         <InputClkFreq>199.995</InputClkFreq> <==>         <InputClkFreq>199.995</InputClkFreq> 
MIG: 10:09:35 : Running customizer.xit
MIG: 10:09:35 : ################# RUNNING MIG INTERACTIVE ###################
MIG: 10:09:35 : Writing IN file for 'DDR3_AXI_IF'...compDirPath: c:/APPS/Xilinx/Vivado/2018.2/data/ip/xilinx/mig_7series_v4_1... instDirPath: c:/Users/310268386/AppData/Roaming/Xilinx/Vivado/.Xil/Vivado-4628-YY529462/coregen/DDR3_AXI_IF
MIG: 10:09:35 : synp_flow:  -- synthesis_mode: Other
MIG: 10:09:35 : outputDirectory: c:/Users/310268386/AppData/Roaming/Xilinx/Vivado/.Xil/Vivado-4628-YY529462/coregen/DDR3_AXI_IF/_tmp/
MIG: 10:09:35 : vivado_mode: xpg_pa
MIG: 10:09:35 :  locked false  
MIG: 10:09:35 : HDL Language: Verilog
MIG: 10:09:35 : compInfo: false
MIG: 10:09:35 : Vivado Options xc7s75 fgga484 -1
MIG: 10:09:35 : 1: xc7s75 2: fgga484 3: -1
MIG: 10:09:35 : relative mig path: coregen/ip/xilinx/other/com/xilinx/ip/mig_7series_v4_1/bin/nt64/mig.exe
MIG: 10:09:35 : xilinx_path: C:/APPS/Xilinx/Vivado/2018.2/ids_lite/ISE
MIG: 10:09:35 : I am in catch area
MIG: 10:09:35 : Running C:/APPS/Xilinx/Vivado/2018.2/ids_lite/ISE/coregen/ip/xilinx/other/com/xilinx/ip/mig_7series_v4_1/bin/nt64/mig.exe -cg_exc_inp c:/Users/310268386/AppData/Roaming/Xilinx/Vivado/.Xil/Vivado-4628-YY529462/coregen/DDR3_AXI_IF/xil_txt.in -cg_exc_out c:/Users/310268386/AppData/Roaming/Xilinx/Vivado/.Xil/Vivado-4628-YY529462/coregen/DDR3_AXI_IF/xil_txt.out ... 
MIG: 10:12:55 : Prasad before: xmlPropertyPrj -- mig_b.prj
MIG: 10:12:55 : Prasad After: xmlPropertyPrj -- mig_a.prj
MIG: 10:12:55 : XML_INPUT_FILE: c:/Users/310268386/AppData/Roaming/Xilinx/Vivado/.Xil/Vivado-4628-YY529462/coregen/DDR3_AXI_IF/mig_a.prj
MIG: 10:12:55 : Component_Name: DDR3_AXI_IF
MIG: 10:12:55 : Moving DDR3_AXI_IF ...
MIG: 10:12:55 : Moving DDR3_AXI_IF.veo ...
MIG: 10:12:55 : Moving DDR3_AXI_IF_xmdf.tcl ...
MIG: 10:12:55 : Sending back 0
MIG: 10:12:55 : xml_input_file: mig_a.prj
MIG: 10:12:55 : Absolute path of xml_input_file: c:/PR/Vivado/tmb_hd_module/Spartan7_tmc.srcs/sources_1/ip/DDR3_AXI_IF/mig_a.prj
MIG: 10:12:55 : xml_input_file: mig_a.prj
MIG: 10:12:55 : Absolute path of xml_input_file: c:/PR/Vivado/tmb_hd_module/Spartan7_tmc.srcs/sources_1/ip/DDR3_AXI_IF/mig_a.prj
MIG: 10:12:55 : In updateAllModelParams
MIG: 10:12:55 : IGN:     <ModuleName>DDR3_AXI_IF</ModuleName> <==>     <ModuleName>DDR3_AXI_IF</ModuleName> 
MIG: 10:12:55 : IGN:         <InputClkFreq>199.995</InputClkFreq> <==>         <InputClkFreq>199.995</InputClkFreq> 
MIG: 10:12:55 : XGUI hdlLanguage: Verilog
MIG: 10:12:55 : xgui vivado_mode: xpg_pa
MIG: 10:12:55 : xgui hdlLanguage: Verilog -- hdlExt: v
MIG: 10:12:55 : Reading C:/PR/Vivado/tmb_hd_module/Spartan7_tmc.srcs/sources_1/ip/DDR3_AXI_IF/DDR3_AXI_IF/user_design/rtl/DDR3_AXI_IF_mig.v ...
MIG: 10:12:56 : 
MIG: 10:12:56 : Inside fn mem: DDR3
MIG: 10:12:56 : detect_uiclk: 162495938
MIG: 10:12:56 : cntrl:  memtype: DDR3
MIG: 10:12:56 : 
MIG: 10:12:56 :  MMCM_VCO single ctrl param_name: MMCM_VCO --  possibleMaxVcoVal: 649 
MIG: 10:12:56 : 
MIG: 10:12:56 : 1
MIG: 10:12:56 : 
MIG: 10:12:56 : 
MIG: 10:12:56 :  polarity_value: 1
MIG: 10:12:56 : 
MIG: 10:12:56 : 
MIG: 10:12:56 : cntrl:  memtype: DDR3
MIG: 10:12:56 : 
MIG: 10:12:56 :  Valid Param: DDR3_BANK_WIDTH ==> 3
MIG: 10:12:56 : 
MIG: 10:12:56 :  Valid Param: DDR3_CK_WIDTH ==> 1
MIG: 10:12:56 :  Invalid Param: DDR3_COL_WIDTH ==> 11
MIG: 10:12:56 : 
MIG: 10:12:56 :  Valid Param: DDR3_CS_WIDTH ==> 1
MIG: 10:12:56 : 
MIG: 10:12:56 :  Valid Param: DDR3_nCS_PER_RANK ==> 1
MIG: 10:12:56 : 
MIG: 10:12:56 :  Valid Param: DDR3_CKE_WIDTH ==> 1
MIG: 10:12:56 :  Invalid Param: DDR3_DATA_BUF_ADDR_WIDTH ==> 4
MIG: 10:12:56 :  Invalid Param: DDR3_DQ_CNT_WIDTH ==> 3
MIG: 10:12:56 :  Invalid Param: DDR3_DQ_PER_DM ==> 8
MIG: 10:12:56 : 
MIG: 10:12:56 :  Valid Param: DDR3_DM_WIDTH ==> 1
MIG: 10:12:56 : 
MIG: 10:12:56 :  Valid Param: DDR3_DQ_WIDTH ==> 8
MIG: 10:12:56 : 
MIG: 10:12:56 :  Valid Param: DDR3_DQS_WIDTH ==> 1
MIG: 10:12:56 : 
MIG: 10:12:56 :  Valid Param: DDR3_DQS_CNT_WIDTH ==> 1
MIG: 10:12:56 :  Invalid Param: DDR3_DRAM_WIDTH ==> 8
MIG: 10:12:56 : 
MIG: 10:12:56 :  Valid Param: ECC ==> OFF
MIG: 10:12:56 : 
MIG: 10:12:56 :  Valid Param: DDR3_DATA_WIDTH ==> 8
MIG: 10:12:56 :  Invalid Param: ECC_TEST ==> "OFF"
MIG: 10:12:56 :  Invalid Param: DDR3_PAYLOAD_WIDTH ==> (ECC_TEST == "OFF") ? DATA_WIDTH : DQ_WIDTH
MIG: 10:12:56 :  Invalid Param: DDR3_MEM_ADDR_ORDER ==> "BANK_ROW_COLUMN"
MIG: 10:12:56 :  Invalid Param: DDR3_nBANK_MACHS ==> 4
MIG: 10:12:56 :  Invalid Param: DDR3_RANKS ==> 1
MIG: 10:12:56 : 
MIG: 10:12:56 :  Valid Param: DDR3_ODT_WIDTH ==> 1
MIG: 10:12:56 : 
MIG: 10:12:56 :  Valid Param: DDR3_ROW_WIDTH ==> 16
MIG: 10:12:56 : 
MIG: 10:12:56 :  Valid Param: DDR3_ADDR_WIDTH ==> 31
MIG: 10:12:56 : 
MIG: 10:12:56 :  Valid Param: DDR3_USE_CS_PORT ==> 1
MIG: 10:12:56 : 
MIG: 10:12:56 :  Valid Param: DDR3_USE_DM_PORT ==> 1
MIG: 10:12:56 : 
MIG: 10:12:56 :  Valid Param: DDR3_USE_ODT_PORT ==> 1
MIG: 10:12:56 :  Invalid Param: DDR3_IS_CLK_SHARED ==> "FALSE"
MIG: 10:12:56 :  Invalid Param: DDR3_PHY_CONTROL_MASTER_BANK ==> 0
MIG: 10:12:56 :  Invalid Param: DDR3_MEM_DENSITY ==> "4Gb"
MIG: 10:12:56 :  Invalid Param: DDR3_MEM_SPEEDGRADE ==> "107E"
MIG: 10:12:56 :  Invalid Param: DDR3_MEM_DEVICE_WIDTH ==> 8
MIG: 10:12:56 :  Invalid Param: DDR3_AL ==> "0"
MIG: 10:12:56 :  Invalid Param: DDR3_nAL ==> 0
MIG: 10:12:56 :  Invalid Param: DDR3_BURST_MODE ==> "8"
MIG: 10:12:56 :  Invalid Param: DDR3_BURST_TYPE ==> "SEQ"
MIG: 10:12:56 :  Invalid Param: DDR3_CL ==> 6
MIG: 10:12:56 :  Invalid Param: DDR3_CWL ==> 5
MIG: 10:12:56 :  Invalid Param: DDR3_OUTPUT_DRV ==> "LOW"
MIG: 10:12:56 :  Invalid Param: DDR3_RTT_NOM ==> "120"
MIG: 10:12:56 :  Invalid Param: DDR3_RTT_WR ==> "OFF"
MIG: 10:12:56 :  Invalid Param: DDR3_ADDR_CMD_MODE ==> "1T"
MIG: 10:12:56 : 
MIG: 10:12:56 :  Valid Param: DDR3_REG_CTRL ==> OFF
MIG: 10:12:56 :  Invalid Param: DDR3_CA_MIRROR ==> "OFF"
MIG: 10:12:56 :  Invalid Param: DDR3_VDD_OP_VOLT ==> "150"
MIG: 10:12:56 :  Invalid Param: DDR3_CLKIN_PERIOD ==> 5000
MIG: 10:12:56 :  Invalid Param: DDR3_CLKFBOUT_MULT ==> 13
MIG: 10:12:56 :  Invalid Param: DDR3_DIVCLK_DIVIDE ==> 2
MIG: 10:12:56 :  Invalid Param: DDR3_CLKOUT0_PHASE ==> 0.0
MIG: 10:12:56 :  Invalid Param: DDR3_CLKOUT0_DIVIDE ==> 2
MIG: 10:12:56 :  Invalid Param: DDR3_CLKOUT1_DIVIDE ==> 4
MIG: 10:12:56 :  Invalid Param: DDR3_CLKOUT2_DIVIDE ==> 64
MIG: 10:12:56 :  Invalid Param: DDR3_CLKOUT3_DIVIDE ==> 8
MIG: 10:12:56 :  Invalid Param: DDR3_MMCM_VCO ==> 649
MIG: 10:12:56 :  Invalid Param: DDR3_MMCM_MULT_F ==> 4
MIG: 10:12:56 :  Invalid Param: DDR3_MMCM_DIVCLK_DIVIDE ==> 1
MIG: 10:12:56 :  Invalid Param: DDR3_tCKE ==> 5000
MIG: 10:12:56 :  Invalid Param: DDR3_tFAW ==> 27000
MIG: 10:12:56 :  Invalid Param: DDR3_tPRDI ==> 1_000_000
MIG: 10:12:56 :  Invalid Param: DDR3_tRAS ==> 34000
MIG: 10:12:56 :  Invalid Param: DDR3_tRCD ==> 13910
MIG: 10:12:56 :  Invalid Param: DDR3_tREFI ==> 7800000
MIG: 10:12:56 :  Invalid Param: DDR3_tRFC ==> 260000
MIG: 10:12:56 :  Invalid Param: DDR3_tRP ==> 13910
MIG: 10:12:56 :  Invalid Param: DDR3_tRRD ==> 5000
MIG: 10:12:56 :  Invalid Param: DDR3_tRTP ==> 7500
MIG: 10:12:56 :  Invalid Param: DDR3_tWTR ==> 7500
MIG: 10:12:56 :  Invalid Param: DDR3_tZQI ==> 128_000_000
MIG: 10:12:56 :  Invalid Param: DDR3_tZQCS ==> 64
MIG: 10:12:56 :  Invalid Param: DDR3_SIM_BYPASS_INIT_CAL ==> "OFF"
MIG: 10:12:56 :  Invalid Param: DDR3_SIMULATION ==> "FALSE"
MIG: 10:12:56 :  Invalid Param: DDR3_BYTE_LANES_B0 ==> 4'b1111
MIG: 10:12:56 :  Invalid Param: DDR3_BYTE_LANES_B1 ==> 4'b0000
MIG: 10:12:56 :  Invalid Param: DDR3_BYTE_LANES_B2 ==> 4'b0000
MIG: 10:12:56 :  Invalid Param: DDR3_BYTE_LANES_B3 ==> 4'b0000
MIG: 10:12:56 :  Invalid Param: DDR3_BYTE_LANES_B4 ==> 4'b0000
MIG: 10:12:56 :  Invalid Param: DDR3_DATA_CTL_B0 ==> 4'b0001
MIG: 10:12:56 :  Invalid Param: DDR3_DATA_CTL_B1 ==> 4'b0000
MIG: 10:12:56 :  Invalid Param: DDR3_DATA_CTL_B2 ==> 4'b0000
MIG: 10:12:56 :  Invalid Param: DDR3_DATA_CTL_B3 ==> 4'b0000
MIG: 10:12:56 :  Invalid Param: DDR3_DATA_CTL_B4 ==> 4'b0000
MIG: 10:12:56 :  Invalid Param: DDR3_PHY_0_BITLANES ==> 48'h3FF_FFF_C20_3FE
MIG: 10:12:56 :  Invalid Param: DDR3_PHY_1_BITLANES ==> 48'h000_000_000_000
MIG: 10:12:56 :  Invalid Param: DDR3_PHY_2_BITLANES ==> 48'h000_000_000_000
MIG: 10:12:56 :  Invalid Param: DDR3_CK_BYTE_MAP ==> 144'h00_00_00_00_00_00_00_00_00_00_00_00_00_00_00_00_00_03
MIG: 10:12:56 :  Invalid Param: DDR3_ADDR_MAP ==> 192'h039_038_037_036_035_034_033_032_031_030_029_028_027_026_02B_02A
MIG: 10:12:56 :  Invalid Param: DDR3_BANK_MAP ==> 36'h025_024_023
MIG: 10:12:56 :  Invalid Param: DDR3_CAS_MAP ==> 12'h021
MIG: 10:12:56 :  Invalid Param: DDR3_CKE_ODT_BYTE_MAP ==> 8'h00
MIG: 10:12:56 :  Invalid Param: DDR3_CKE_MAP ==> 96'h000_000_000_000_000_000_000_01A
MIG: 10:12:56 :  Invalid Param: DDR3_ODT_MAP ==> 96'h000_000_000_000_000_000_000_015
MIG: 10:12:56 :  Invalid Param: DDR3_CS_MAP ==> 120'h000_000_000_000_000_000_000_000_000_01B
MIG: 10:12:56 :  Invalid Param: DDR3_PARITY_MAP ==> 12'h000
MIG: 10:12:56 :  Invalid Param: DDR3_RAS_MAP ==> 12'h022
MIG: 10:12:56 :  Invalid Param: DDR3_WE_MAP ==> 12'h020
MIG: 10:12:56 :  Invalid Param: DDR3_DQS_BYTE_MAP ==> 144'h00_00_00_00_00_00_00_00_00_00_00_00_00_00_00_00_00_00
MIG: 10:12:56 :  Invalid Param: DDR3_DATA0_MAP ==> 96'h001_002_003_004_005_006_007_008
MIG: 10:12:56 :  Invalid Param: DDR3_DATA1_MAP ==> 96'h000_000_000_000_000_000_000_000
MIG: 10:12:56 :  Invalid Param: DDR3_DATA2_MAP ==> 96'h000_000_000_000_000_000_000_000
MIG: 10:12:56 :  Invalid Param: DDR3_DATA3_MAP ==> 96'h000_000_000_000_000_000_000_000
MIG: 10:12:56 :  Invalid Param: DDR3_DATA4_MAP ==> 96'h000_000_000_000_000_000_000_000
MIG: 10:12:56 :  Invalid Param: DDR3_DATA5_MAP ==> 96'h000_000_000_000_000_000_000_000
MIG: 10:12:56 :  Invalid Param: DDR3_DATA6_MAP ==> 96'h000_000_000_000_000_000_000_000
MIG: 10:12:56 :  Invalid Param: DDR3_DATA7_MAP ==> 96'h000_000_000_000_000_000_000_000
MIG: 10:12:56 :  Invalid Param: DDR3_DATA8_MAP ==> 96'h000_000_000_000_000_000_000_000
MIG: 10:12:56 :  Invalid Param: DDR3_DATA9_MAP ==> 96'h000_000_000_000_000_000_000_000
MIG: 10:12:56 :  Invalid Param: DDR3_DATA10_MAP ==> 96'h000_000_000_000_000_000_000_000
MIG: 10:12:56 :  Invalid Param: DDR3_DATA11_MAP ==> 96'h000_000_000_000_000_000_000_000
MIG: 10:12:56 :  Invalid Param: DDR3_DATA12_MAP ==> 96'h000_000_000_000_000_000_000_000
MIG: 10:12:56 :  Invalid Param: DDR3_DATA13_MAP ==> 96'h000_000_000_000_000_000_000_000
MIG: 10:12:56 :  Invalid Param: DDR3_DATA14_MAP ==> 96'h000_000_000_000_000_000_000_000
MIG: 10:12:56 :  Invalid Param: DDR3_DATA15_MAP ==> 96'h000_000_000_000_000_000_000_000
MIG: 10:12:56 :  Invalid Param: DDR3_DATA16_MAP ==> 96'h000_000_000_000_000_000_000_000
MIG: 10:12:56 :  Invalid Param: DDR3_DATA17_MAP ==> 96'h000_000_000_000_000_000_000_000
MIG: 10:12:56 :  Invalid Param: DDR3_MASK0_MAP ==> 108'h000_000_000_000_000_000_000_000_009
MIG: 10:12:56 :  Invalid Param: DDR3_MASK1_MAP ==> 108'h000_000_000_000_000_000_000_000_000
MIG: 10:12:56 :  Invalid Param: DDR3_SLOT_0_CONFIG ==> 8'b0000_0001
MIG: 10:12:56 :  Invalid Param: DDR3_SLOT_1_CONFIG ==> 8'b0000_0000
MIG: 10:12:56 :  Invalid Param: DDR3_IBUF_LPWR_MODE ==> "OFF"
MIG: 10:12:56 :  Invalid Param: DDR3_DATA_IO_IDLE_PWRDWN ==> "ON"
MIG: 10:12:56 :  Invalid Param: DDR3_BANK_TYPE ==> "HR_IO"
MIG: 10:12:56 :  Invalid Param: DDR3_DATA_IO_PRIM_TYPE ==> "HR_LP"
MIG: 10:12:56 :  Invalid Param: DDR3_CKE_ODT_AUX ==> "FALSE"
MIG: 10:12:56 :  Invalid Param: DDR3_USER_REFRESH ==> "OFF"
MIG: 10:12:56 :  Invalid Param: DDR3_WRLVL ==> "ON"
MIG: 10:12:56 :  Invalid Param: DDR3_ORDERING ==> "NORM"
MIG: 10:12:56 :  Invalid Param: DDR3_CALIB_ROW_ADD ==> 16'h0000
MIG: 10:12:56 :  Invalid Param: DDR3_CALIB_COL_ADD ==> 12'h000
MIG: 10:12:56 :  Invalid Param: DDR3_CALIB_BA_ADD ==> 3'h0
MIG: 10:12:56 :  Invalid Param: DDR3_TCQ ==> 100
MIG: 10:12:56 :  Invalid Param: DDR3_IDELAY_ADJ ==> "OFF"
MIG: 10:12:56 :  Invalid Param: DDR3_FINE_PER_BIT ==> "OFF"
MIG: 10:12:56 :  Invalid Param: DDR3_CENTER_COMP_MODE ==> "OFF"
MIG: 10:12:56 :  Invalid Param: DDR3_PI_VAL_ADJ ==> "OFF"
MIG: 10:12:56 :  Invalid Param: DDR3_IODELAY_GRP0 ==> "DDR3_AXI_IF_IODELAY_MIG0"
MIG: 10:12:56 :  Invalid Param: DDR3_IODELAY_GRP1 ==> "DDR3_AXI_IF_IODELAY_MIG1"
MIG: 10:12:56 :  Invalid Param: DDR3_SYSCLK_TYPE ==> "NO_BUFFER"
MIG: 10:12:56 :  Invalid Param: DDR3_REFCLK_TYPE ==> "NO_BUFFER"
MIG: 10:12:56 :  Invalid Param: DDR3_SYS_RST_PORT ==> "FALSE"
MIG: 10:12:56 :  Invalid Param: DDR3_FPGA_SPEED_GRADE ==> 1
MIG: 10:12:56 :  Invalid Param: DDR3_CMD_PIPE_PLUS1 ==> "ON"
MIG: 10:12:56 :  Invalid Param: DDR3_DRAM_TYPE ==> "DDR3"
MIG: 10:12:56 :  Invalid Param: DDR3_CAL_WIDTH ==> "HALF"
MIG: 10:12:56 :  Invalid Param: DDR3_STARVE_LIMIT ==> 2
MIG: 10:12:56 :  Invalid Param: DDR3_REF_CLK_MMCM_IODELAY_CTRL ==> "FALSE"
MIG: 10:12:56 :  Invalid Param: DDR3_REFCLK_FREQ ==> 200.0
MIG: 10:12:56 :  Invalid Param: DDR3_DIFF_TERM_REFCLK ==> "TRUE"
MIG: 10:12:56 :  Invalid Param: DDR3_tCK ==> 3077
MIG: 10:12:56 : 
MIG: 10:12:56 :  Valid Param: DDR3_nCK_PER_CLK ==> 2
MIG: 10:12:56 :  Invalid Param: DDR3_DIFF_TERM_SYSCLK ==> "TRUE"
MIG: 10:12:56 : 
MIG: 10:12:56 :  Valid Param: UI_EXTRA_CLOCKS ==> FALSE
MIG: 10:12:56 : 
MIG: 10:12:56 :  Valid Param: C_S_AXI_ID_WIDTH ==> 4
MIG: 10:12:56 : 1073741824
MIG: 10:12:56 :  Valid Param: C_S_AXI_MEM_SIZE ==> 1073741824
MIG: 10:12:56 : 30
MIG: 10:12:56 :  Valid Param: C_S_AXI_ADDR_WIDTH ==> 30
MIG: 10:12:56 : 
MIG: 10:12:56 :  Valid Param: C_S_AXI_DATA_WIDTH ==> 32
MIG: 10:12:56 :  Invalid Param: DDR3_C_MC_nCK_PER_CLK ==> 2
MIG: 10:12:56 :  Invalid Param: C_S_AXI_SUPPORTS_NARROW_BURST ==> 0
MIG: 10:12:56 :  Invalid Param: DDR3_C_RD_WR_ARB_ALGORITHM ==> "RD_PRI_REG"
MIG: 10:12:56 :  Invalid Param: C_S_AXI_REG_EN0 ==> 20'h00000
MIG: 10:12:56 :  Invalid Param: C_S_AXI_REG_EN1 ==> 20'h00000
MIG: 10:12:56 : 
MIG: 10:12:56 :  Valid Param: C_S_AXI_CTRL_ADDR_WIDTH ==> 32
MIG: 10:12:56 : 
MIG: 10:12:56 :  Valid Param: C_S_AXI_CTRL_DATA_WIDTH ==> 32
MIG: 10:12:56 :  Invalid Param: C_S_AXI_BASEADDR ==> 32'h0000_0000
MIG: 10:12:56 :  Invalid Param: C_ECC_ONOFF_RESET_VALUE ==> 1
MIG: 10:12:56 :  Invalid Param: C_ECC_CE_COUNTER_WIDTH ==> 8
MIG: 10:12:56 : 
MIG: 10:12:56 :  Valid Param: DDR3_DEBUG_PORT ==> OFF
MIG: 10:12:56 : 
MIG: 10:12:56 :  Invalid Param: DDR3_TEMP_MON_CONTROL ==> "INTERNAL"
MIG: 10:12:56 :  Invalid Param: DDR3_FPGA_VOLT_TYPE ==> "N"
MIG: 10:12:56 :  Invalid Param: DDR3_RST_ACT_LOW ==> 1
MIG: 10:12:56 : 
MIG: 10:12:56 : 
MIG: 10:12:56 : 
MIG: 10:12:56 : Same Interface
MIG: 10:13:03 : Running synthesis.xit
MIG: 10:13:03 : IGN:     <ModuleName>DDR3_AXI_IF</ModuleName> <==>     <ModuleName>DDR3_AXI_IF</ModuleName> 
MIG: 10:13:03 : IGN:         <InputClkFreq>199.995</InputClkFreq> <==>         <InputClkFreq>199.995</InputClkFreq> 
MIG: 10:13:04 : Running vlog_synth_rpr.xit
MIG: 10:13:04 : IGN:     <ModuleName>DDR3_AXI_IF</ModuleName> <==>     <ModuleName>DDR3_AXI_IF</ModuleName> 
MIG: 10:13:04 : IGN:         <InputClkFreq>199.995</InputClkFreq> <==>         <InputClkFreq>199.995</InputClkFreq> 
MIG: 10:13:04 : Running simulation.xit
MIG: 10:13:04 : IGN:     <ModuleName>DDR3_AXI_IF</ModuleName> <==>     <ModuleName>DDR3_AXI_IF</ModuleName> 
MIG: 10:13:04 : IGN:         <InputClkFreq>199.995</InputClkFreq> <==>         <InputClkFreq>199.995</InputClkFreq> 
MIG: 10:13:05 : Running vlog_sim_rpr.xit .. PRASAD DBG1
MIG: 10:13:05 : IGN:     <ModuleName>DDR3_AXI_IF</ModuleName> <==>     <ModuleName>DDR3_AXI_IF</ModuleName> 
MIG: 10:13:05 : IGN:         <InputClkFreq>199.995</InputClkFreq> <==>         <InputClkFreq>199.995</InputClkFreq> 
MIG: 10:13:05 : Running implementation.xit
MIG: 10:13:05 : IGN:     <ModuleName>DDR3_AXI_IF</ModuleName> <==>     <ModuleName>DDR3_AXI_IF</ModuleName> 
MIG: 10:13:05 : IGN:         <InputClkFreq>199.995</InputClkFreq> <==>         <InputClkFreq>199.995</InputClkFreq> 
